Component: ARM Compiler 5.06 update 7 (build 960) Tool: armlink [4d3601]

==============================================================================

Section Cross References

    main.o(i.main) refers to misc.o(i.NVIC_PriorityGroupConfig) for NVIC_PriorityGroupConfig
    main.o(i.main) refers to delay.o(i.delay_init) for delay_init
    main.o(i.main) refers to myiic.o(i.IIC_Init) for IIC_Init
    main.o(i.main) refers to usart.o(i.uart_init) for uart_init
    main.o(i.main) refers to usart2.o(i.usart2_init) for usart2_init
    main.o(i.main) refers to usart3.o(i.usart3_init) for usart3_init
    main.o(i.main) refers to usart6.o(i.usart6_init) for usart6_init
    main.o(i.main) refers to mpu9250.o(i.MPU9250_Init) for MPU9250_Init
    main.o(i.main) refers to malloc_1.o(i.my_mem_init) for my_mem_init
    main.o(i.main) refers to i_o.o(i.GPIO_OUT_Init) for GPIO_OUT_Init
    main.o(i.main) refers to i_o.o(i.GPIO_IN_Init) for GPIO_IN_Init
    main.o(i.main) refers to pwm.o(i.TIM4_CH4_PWM_Init) for TIM4_CH4_PWM_Init
    main.o(i.main) refers to cancan.o(i.CAN1_Mode_Init) for CAN1_Mode_Init
    main.o(i.main) refers to cantimer.o(i.cantimer_init) for cantimer_init
    main.o(i.main) refers to vehicle_key.o(i.Vehicle_key_Init) for Vehicle_key_Init
    main.o(i.main) refers to vehicle_key.o(i.AGVsta_Scan) for AGVsta_Scan
    main.o(i.main) refers to delay.o(i.delay_ms) for delay_ms
    main.o(i.main) refers to hmi_driver.o(i.Cycle_SetScreen) for Cycle_SetScreen
    main.o(i.main) refers to tasks.o(i.xTaskCreate) for xTaskCreate
    main.o(i.main) refers to tasks.o(i.vTaskStartScheduler) for vTaskStartScheduler
    main.o(i.main) refers to main.o(.data) for mark20
    main.o(i.main) refers to head.o(.data) for StartTask_Handler
    main.o(i.main) refers to freertosdef.o(i.start_task) for start_task
    system_stm32f4xx.o(i.SystemCoreClockUpdate) refers to system_stm32f4xx.o(.data) for SystemCoreClock
    system_stm32f4xx.o(i.SystemInit) refers to system_stm32f4xx.o(i.SetSysClock) for SetSysClock
    freertosdef.o(i.CANOPEN_task) refers to motor.o(i.MotorValue_Read) for MotorValue_Read
    freertosdef.o(i.CANOPEN_task) refers to tasks.o(i.vTaskDelay) for vTaskDelay
    freertosdef.o(i.CANOPEN_task) refers to head.o(.bss) for IOStatus
    freertosdef.o(i.CANOPEN_task) refers to freertosdef.o(.data) for i
    freertosdef.o(i.HMI_FLASH_task) refers to stmflash.o(i.Dacai_Display) for Dacai_Display
    freertosdef.o(i.HMI_FLASH_task) refers to head.o(i.AGV_Init) for AGV_Init
    freertosdef.o(i.HMI_FLASH_task) refers to branchpath.o(i.SignalBranchPath_Station) for SignalBranchPath_Station
    freertosdef.o(i.HMI_FLASH_task) refers to tasks.o(i.vTaskDelay) for vTaskDelay
    freertosdef.o(i.HMI_FLASH_task) refers to usart6.o(.bss) for cmd_buffer
    freertosdef.o(i.HMI_FLASH_task) refers to hmi_cmd.o(.data) for CurrtScreenID
    freertosdef.o(i.IO_Scan_task) refers to i_o.o(i.GPIO_INOUT_Scan) for GPIO_INOUT_Scan
    freertosdef.o(i.IO_Scan_task) refers to vehicle_key.o(i.AGVsta_Scan) for AGVsta_Scan
    freertosdef.o(i.IO_Scan_task) refers to magnetic.o(i.MNSV_X8IO_Read) for MNSV_X8IO_Read
    freertosdef.o(i.IO_Scan_task) refers to freertosdef.o(.data) for test3
    freertosdef.o(i.IO_Scan_task) refers to head.o(.bss) for IOStatus
    freertosdef.o(i.JogAutoMode_task) refers to usart2.o(i.HC_05_Trans) for HC_05_Trans
    freertosdef.o(i.JogAutoMode_task) refers to tasks.o(i.vTaskDelay) for vTaskDelay
    freertosdef.o(i.JogAutoMode_task) refers to head.o(.bss) for AGVStatus
    freertosdef.o(i.JogAutoMode_task) refers to freertosdef.o(.data) for AGVModeChange
    freertosdef.o(i.JogAutoMode_task) refers to testmaster.o(.data) for WtStatus_1
    freertosdef.o(i.JogAutoMode_task) refers to usart2.o(.data) for Bluetooth
    freertosdef.o(i.MPU9250_task) refers to delay.o(i.getSysTickCnt) for getSysTickCnt
    freertosdef.o(i.MPU9250_task) refers to tasks.o(i.vTaskDelayUntil) for vTaskDelayUntil
    freertosdef.o(i.MPU9250_task) refers to mpu9250.o(i.MPU_Get_Accelerometer) for MPU_Get_Accelerometer
    freertosdef.o(i.MPU9250_task) refers to mpu9250.o(i.MPU_Get_Gyroscope) for MPU_Get_Gyroscope
    freertosdef.o(i.MPU9250_task) refers to mpu9250.o(i.MPU_Get_Magnetometer) for MPU_Get_Magnetometer
    freertosdef.o(i.MPU9250_task) refers to mpu9250.o(.data) for accel
    freertosdef.o(i.UDP_SEND_task) refers to tasks.o(i.vTaskDelay) for vTaskDelay
    freertosdef.o(i.data_task) refers to delay.o(i.getSysTickCnt) for getSysTickCnt
    freertosdef.o(i.data_task) refers to tasks.o(i.vTaskDelayUntil) for vTaskDelayUntil
    freertosdef.o(i.led0_task) refers to tasks.o(i.vTaskDelay) for vTaskDelay
    freertosdef.o(i.led0_task) refers to freertosdef.o(.data) for testled
    freertosdef.o(i.start_task) refers to tasks.o(i.xTaskCreate) for xTaskCreate
    freertosdef.o(i.start_task) refers to tasks.o(i.vTaskDelay) for vTaskDelay
    freertosdef.o(i.start_task) refers to cancan.o(i.CANOPEN_Node_Start) for CANOPEN_Node_Start
[...]
    printf4.o(i.__0printf$4) refers to usart.o(.data) for __stdout
    printf4.o(i.__0snprintf$4) refers to printf4.o(i._printf_core) for _printf_core
    printf4.o(i.__0snprintf$4) refers to printf4.o(i._snputc) for _snputc
    printf4.o(i.__0sprintf$4) refers to printf4.o(i._printf_core) for _printf_core
    printf4.o(i.__0sprintf$4) refers to printf4.o(i._sputc) for _sputc
    printf4.o(i.__0vfprintf$4) refers to printf4.o(i._printf_core) for _printf_core
    printf4.o(i.__0vfprintf$4) refers to usart.o(i.fputc) for fputc
    printf4.o(i.__0vprintf$4) refers to printf4.o(i._printf_core) for _printf_core
    printf4.o(i.__0vprintf$4) refers to usart.o(i.fputc) for fputc
    printf4.o(i.__0vprintf$4) refers to usart.o(.data) for __stdout
    printf4.o(i.__0vsnprintf$4) refers to printf4.o(i._printf_core) for _printf_core
    printf4.o(i.__0vsnprintf$4) refers to printf4.o(i._snputc) for _snputc
    printf4.o(i.__0vsprintf$4) refers to printf4.o(i._printf_core) for _printf_core
    printf4.o(i.__0vsprintf$4) refers to printf4.o(i._sputc) for _sputc
    printf4.o(i._printf_core) refers to uldiv.o(.text) for __aeabi_uldivmod
    printf5.o(i.__0fprintf$5) refers to printf5.o(i._printf_core) for _printf_core
    printf5.o(i.__0fprintf$5) refers to usart.o(i.fputc) for fputc
    printf5.o(i.__0printf$5) refers to printf5.o(i._printf_core) for _printf_core
    printf5.o(i.__0printf$5) refers to usart.o(i.fputc) for fputc
    printf5.o(i.__0printf$5) refers to usart.o(.data) for __stdout
    printf5.o(i.__0snprintf$5) refers to printf5.o(i._printf_core) for _printf_core
    printf5.o(i.__0snprintf$5) refers to printf5.o(i._snputc) for _snputc
    printf5.o(i.__0sprintf$5) refers to printf5.o(i._printf_core) for _printf_core
    printf5.o(i.__0sprintf$5) refers to printf5.o(i._sputc) for _sputc
    printf5.o(i.__0vfprintf$5) refers to printf5.o(i._printf_core) for _printf_core
    printf5.o(i.__0vfprintf$5) refers to usart.o(i.fputc) for fputc
    printf5.o(i.__0vprintf$5) refers to printf5.o(i._printf_core) for _printf_core
    printf5.o(i.__0vprintf$5) refers to usart.o(i.fputc) for fputc
    printf5.o(i.__0vprintf$5) refers to usart.o(.data) for __stdout
    printf5.o(i.__0vsnprintf$5) refers to printf5.o(i._printf_core) for _printf_core
    printf5.o(i.__0vsnprintf$5) refers to printf5.o(i._snputc) for _snputc
    printf5.o(i.__0vsprintf$5) refers to printf5.o(i._printf_core) for _printf_core
    printf5.o(i.__0vsprintf$5) refers to printf5.o(i._sputc) for _sputc
    printf5.o(i._printf_core) refers to uldiv.o(.text) for __aeabi_uldivmod
    printf6.o(i.__0fprintf$6) refers to printf6.o(i._printf_core) for _printf_core
    printf6.o(i.__0fprintf$6) refers to usart.o(i.fputc) for fputc
    printf6.o(i.__0printf$6) refers to printf6.o(i._printf_core) for _printf_core
    printf6.o(i.__0printf$6) refers to usart.o(i.fputc) for fputc
    printf6.o(i.__0printf$6) refers to usart.o(.data) for __stdout
    printf6.o(i.__0snprintf$6) refers to printf6.o(i._printf_core) for _printf_core
    printf6.o(i.__0snprintf$6) refers to printf6.o(i._snputc) for _snputc
    printf6.o(i.__0sprintf$6) refers to printf6.o(i._printf_core) for _printf_core
    printf6.o(i.__0sprintf$6) refers to printf6.o(i._sputc) for _sputc
    printf6.o(i.__0vfprintf$6) refers to printf6.o(i._printf_core) for _printf_core
    printf6.o(i.__0vfprintf$6) refers to usart.o(i.fputc) for fputc
    printf6.o(i.__0vprintf$6) refers to printf6.o(i._printf_core) for _printf_core
    printf6.o(i.__0vprintf$6) refers to usart.o(i.fputc) for fputc
    printf6.o(i.__0vprintf$6) refers to usart.o(.data) for __stdout
    printf6.o(i.__0vsnprintf$6) refers to printf6.o(i._printf_core) for _printf_core
    printf6.o(i.__0vsnprintf$6) refers to printf6.o(i._snputc) for _snputc
    printf6.o(i.__0vsprintf$6) refers to printf6.o(i._printf_core) for _printf_core
    printf6.o(i.__0vsprintf$6) refers to printf6.o(i._sputc) for _sputc
    printf6.o(i._printf_core) refers to printf6.o(i._printf_pre_padding) for _printf_pre_padding
    printf6.o(i._printf_core) refers to uidiv.o(.text) for __aeabi_uidivmod
    printf6.o(i._printf_core) refers to printf6.o(i._printf_post_padding) for _printf_post_padding
    printf7.o(i.__0fprintf$7) refers to printf7.o(i._printf_core) for _printf_core
    printf7.o(i.__0fprintf$7) refers to usart.o(i.fputc) for fputc
    printf7.o(i.__0printf$7) refers to printf7.o(i._printf_core) for _printf_core
    printf7.o(i.__0printf$7) refers to usart.o(i.fputc) for fputc
    printf7.o(i.__0printf$7) refers to usart.o(.data) for __stdout
    printf7.o(i.__0snprintf$7) refers to printf7.o(i._printf_core) for _printf_core
    printf7.o(i.__0snprintf$7) refers to printf7.o(i._snputc) for _snputc
    printf7.o(i.__0sprintf$7) refers to printf7.o(i._printf_core) for _printf_core
    printf7.o(i.__0sprintf$7) refers to printf7.o(i._sputc) for _sputc
    printf7.o(i.__0vfprintf$7) refers to printf7.o(i._printf_core) for _printf_core
    printf7.o(i.__0vfprintf$7) refers to usart.o(i.fputc) for fputc
    printf7.o(i.__0vprintf$7) refers to printf7.o(i._printf_core) for _printf_core
    printf7.o(i.__0vprintf$7) refers to usart.o(i.fputc) for fputc
    printf7.o(i.__0vprintf$7) refers to usart.o(.data) for __stdout
    printf7.o(i.__0vsnprintf$7) refers to printf7.o(i._printf_core) for _printf_core
    printf7.o(i.__0vsnprintf$7) refers to printf7.o(i._snputc) for _snputc
    printf7.o(i.__0vsprintf$7) refers to printf7.o(i._printf_core) for _printf_core
    printf7.o(i.__0vsprintf$7) refers to printf7.o(i._sputc) for _sputc
    printf7.o(i._printf_core) refers to printf7.o(i._printf_pre_padding) for _printf_pre_padding
    printf7.o(i._printf_core) refers to uldiv.o(.text) for __aeabi_uldivmod
    printf7.o(i._printf_core) refers to printf7.o(i._printf_post_padding) for _printf_post_padding
    printf8.o(i.__0fprintf$8) refers to printf8.o(i._printf_core) for _printf_core
    printf8.o(i.__0fprintf$8) refers to usart.o(i.fputc) for fputc
    printf8.o(i.__0printf$8) refers to printf8.o(i._printf_core) for _printf_core
    printf8.o(i.__0printf$8) refers to usart.o(i.fputc) for fputc
    printf8.o(i.__0printf$8) refers to usart.o(.data) for __stdout
    printf8.o(i.__0snprintf$8) refers to printf8.o(i._printf_core) for _printf_core
    printf8.o(i.__0snprintf$8) refers to printf8.o(i._snputc) for _snputc
    printf8.o(i.__0sprintf$8) refers to printf8.o(i._printf_core) for _printf_core
    printf8.o(i.__0sprintf$8) refers to printf8.o(i._sputc) for _sputc
    printf8.o(i.__0vfprintf$8) refers to printf8.o(i._printf_core) for _printf_core
    printf8.o(i.__0vfprintf$8) refers to usart.o(i.fputc) for fputc
    printf8.o(i.__0vprintf$8) refers to printf8.o(i._printf_core) for _printf_core
    printf8.o(i.__0vprintf$8) refers to usart.o(i.fputc) for fputc
    printf8.o(i.__0vprintf$8) refers to usart.o(.data) for __stdout
    printf8.o(i.__0vsnprintf$8) refers to printf8.o(i._printf_core) for _printf_core
    printf8.o(i.__0vsnprintf$8) refers to printf8.o(i._snputc) for _snputc
    printf8.o(i.__0vsprintf$8) refers to printf8.o(i._printf_core) for _printf_core
    printf8.o(i.__0vsprintf$8) refers to printf8.o(i._sputc) for _sputc
    printf8.o(i._printf_core) refers to printf8.o(i._printf_pre_padding) for _printf_pre_padding
    printf8.o(i._printf_core) refers to uldiv.o(.text) for __aeabi_uldivmod
    printf8.o(i._printf_core) refers to printf8.o(i._printf_post_padding) for _printf_post_padding
    printfa.o(i.__0fprintf) refers (Special) to iusefp.o(.text) for __I$use$fp
    printfa.o(i.__0fprintf) refers to printfa.o(i._printf_core) for _printf_core
    printfa.o(i.__0fprintf) refers to usart.o(i.fputc) for fputc
    printfa.o(i.__0printf) refers (Special) to iusefp.o(.text) for __I$use$fp
    printfa.o(i.__0printf) refers to printfa.o(i._printf_core) for _printf_core
    printfa.o(i.__0printf) refers to usart.o(i.fputc) for fputc
    printfa.o(i.__0printf) refers to usart.o(.data) for __stdout
    printfa.o(i.__0snprintf) refers (Special) to iusefp.o(.text) for __I$use$fp
    printfa.o(i.__0snprintf) refers to printfa.o(i._printf_core) for _printf_core
    printfa.o(i.__0snprintf) refers to printfa.o(i._snputc) for _snputc
    printfa.o(i.__0sprintf) refers (Special) to iusefp.o(.text) for __I$use$fp
    printfa.o(i.__0sprintf) refers to printfa.o(i._printf_core) for _printf_core
    printfa.o(i.__0sprintf) refers to printfa.o(i._sputc) for _sputc
    printfa.o(i.__0vfprintf) refers (Special) to iusefp.o(.text) for __I$use$fp
    printfa.o(i.__0vfprintf) refers to printfa.o(i._printf_core) for _printf_core
    printfa.o(i.__0vfprintf) refers to usart.o(i.fputc) for fputc
    printfa.o(i.__0vprintf) refers (Special) to iusefp.o(.text) for __I$use$fp
    printfa.o(i.__0vprintf) refers to printfa.o(i._printf_core) for _printf_core
    printfa.o(i.__0vprintf) refers to usart.o(i.fputc) for fputc
    printfa.o(i.__0vprintf) refers to usart.o(.data) for __stdout
    printfa.o(i.__0vsnprintf) refers (Special) to iusefp.o(.text) for __I$use$fp
    printfa.o(i.__0vsnprintf) refers to printfa.o(i._printf_core) for _printf_core
    printfa.o(i.__0vsnprintf) refers to printfa.o(i._snputc) for _snputc
    printfa.o(i.__0vsprintf) refers (Special) to iusefp.o(.text) for __I$use$fp
    printfa.o(i.__0vsprintf) refers to printfa.o(i._printf_core) for _printf_core
    printfa.o(i.__0vsprintf) refers to printfa.o(i._sputc) for _sputc
    printfa.o(i._fp_digits) refers (Special) to iusefp.o(.text) for __I$use$fp
    printfa.o(i._fp_digits) refers to dmul.o(.text) for __aeabi_dmul
    printfa.o(i._fp_digits) refers to ddiv.o(.text) for __aeabi_ddiv
    printfa.o(i._fp_digits) refers to cdrcmple.o(.text) for __aeabi_cdrcmple
    printfa.o(i._fp_digits) refers to dadd.o(.text) for __aeabi_dadd
    printfa.o(i._fp_digits) refers to dfixul.o(.text) for __aeabi_d2ulz
    printfa.o(i._fp_digits) refers to uldiv.o(.text) for __aeabi_uldivmod
    printfa.o(i._printf_core) refers (Special) to iusefp.o(.text) for __I$use$fp
    printfa.o(i._printf_core) refers to printfa.o(i._printf_pre_padding) for _printf_pre_padding
    printfa.o(i._printf_core) refers to uldiv.o(.text) for __aeabi_uldivmod
    printfa.o(i._printf_core) refers to printfa.o(i._printf_post_padding) for _printf_post_padding
    printfa.o(i._printf_core) refers to printfa.o(i._fp_digits) for _fp_digits
    printfa.o(i._printf_core) refers to uidiv.o(.text) for __aeabi_uidivmod
    printfa.o(i._printf_post_padding) refers (Special) to iusefp.o(.text) for __I$use$fp
    printfa.o(i._printf_pre_padding) refers (Special) to iusefp.o(.text) for __I$use$fp
    printfa.o(i._snputc) refers (Special) to iusefp.o(.text) for __I$use$fp
    printfa.o(i._sputc) refers (Special) to iusefp.o(.text) for __I$use$fp
    __0sscanf.o(.text) refers to scanf_char.o(.text) for __vfscanf_char
    __0sscanf.o(.text) refers to _sgetc.o(.text) for _sgetc
    _scanf_int.o(.text) refers to _chval.o(.text) for _chval
    scanf_fp.o(.text) refers (Special) to iusefp.o(.text) for __I$use$fp
    scanf_fp.o(.text) refers to dfltul.o(.text) for __aeabi_ul2d
    scanf_fp.o(.text) refers to dmul.o(.text) for __aeabi_dmul
    scanf_fp.o(.text) refers to ddiv.o(.text) for __aeabi_ddiv
    scanf_fp.o(.text) refers to scanf_fp.o(i._is_digit) for _is_digit
    scanf_fp.o(.text) refers to d2f.o(.text) for __aeabi_d2f
    dadd.o(.text) refers (Special) to iusefp.o(.text) for __I$use$fp
    dadd.o(.text) refers to llshl.o(.text) for __aeabi_llsl
    dadd.o(.text) refers to llsshr.o(.text) for __aeabi_lasr
    dadd.o(.text) refers to depilogue.o(.text) for _double_epilogue
    dmul.o(.text) refers (Special) to iusefp.o(.text) for __I$use$fp
    dmul.o(.text) refers to depilogue.o(.text) for _double_epilogue
    ddiv.o(.text) refers (Special) to iusefp.o(.text) for __I$use$fp
    ddiv.o(.text) refers to depilogue.o(.text) for _double_round
    dneg.o(.text) refers (Special) to iusefp.o(.text) for __I$use$fp
    dflti.o(.text) refers (Special) to iusefp.o(.text) for __I$use$fp
    dflti.o(.text) refers to depilogue.o(.text) for _double_epilogue
    dfltui.o(.text) refers (Special) to iusefp.o(.text) for __I$use$fp
    dfltui.o(.text) refers to depilogue.o(.text) for _double_epilogue
    dfixi.o(.text) refers (Special) to iusefp.o(.text) for __I$use$fp
    dfixi.o(.text) refers to llushr.o(.text) for __aeabi_llsr
    dfixui.o(.text) refers (Special) to iusefp.o(.text) for __I$use$fp
    dfixui.o(.text) refers to llushr.o(.text) for __aeabi_llsr
    f2d.o(.text) refers (Special) to iusefp.o(.text) for __I$use$fp
    cdcmple.o(.text) refers (Special) to iusefp.o(.text) for __I$use$fp
    cdrcmple.o(.text) refers (Special) to iusefp.o(.text) for __I$use$fp
    d2f.o(.text) refers (Special) to iusefp.o(.text) for __I$use$fp
    d2f.o(.text) refers to fepilogue.o(.text) for _float_round
    cos_i.o(i.__kernel_cos) refers (Special) to iusefp.o(.text) for __I$use$fp
    cos_i.o(i.__kernel_cos) refers to dfixi.o(.text) for __aeabi_d2iz
    cos_i.o(i.__kernel_cos) refers to dmul.o(.text) for __aeabi_dmul
    cos_i.o(i.__kernel_cos) refers to poly.o(i.__kernel_poly) for __kernel_poly
    cos_i.o(i.__kernel_cos) refers to dadd.o(.text) for __aeabi_dsub
    cos_i.o(i.__kernel_cos) refers to cos_i.o(.constdata) for .constdata
    cos_i.o(.constdata) refers (Special) to iusefp.o(.text) for __I$use$fp
    dunder.o(i.__mathlib_dbl_divzero) refers to ddiv.o(.text) for __aeabi_ddiv
    dunder.o(i.__mathlib_dbl_infnan) refers to dadd.o(.text) for __aeabi_dadd
    dunder.o(i.__mathlib_dbl_infnan2) refers to dadd.o(.text) for __aeabi_dadd
    dunder.o(i.__mathlib_dbl_invalid) refers to ddiv.o(.text) for __aeabi_ddiv
    dunder.o(i.__mathlib_dbl_overflow) refers to dmul.o(.text) for __aeabi_dmul
    dunder.o(i.__mathlib_dbl_posinfnan) refers to dmul.o(.text) for __aeabi_dmul
    dunder.o(i.__mathlib_dbl_underflow) refers to dmul.o(.text) for __aeabi_dmul
    fabs.o(i.__hardfp_fabs) refers (Special) to iusefp.o(.text) for __I$use$fp
    fabs.o(i.__softfp_fabs) refers (Special) to iusefp.o(.text) for __I$use$fp
    fabs.o(i.fabs) refers (Special) to iusefp.o(.text) for __I$use$fp
    fpclassify.o(i.__ARM_fpclassify) refers (Special) to iusefp.o(.text) for __I$use$fp
    poly.o(i.__kernel_poly) refers (Special) to iusefp.o(.text) for __I$use$fp
    poly.o(i.__kernel_poly) refers to dmul.o(.text) for __aeabi_dmul
    poly.o(i.__kernel_poly) refers to dadd.o(.text) for __aeabi_dadd
    qnan.o(.constdata) refers (Special) to iusefp.o(.text) for __I$use$fp
    rred.o(i.__ieee754_rem_pio2) refers (Special) to iusefp.o(.text) for __I$use$fp
    rred.o(i.__ieee754_rem_pio2) refers to dadd.o(.text) for __aeabi_dsub
    rred.o(i.__ieee754_rem_pio2) refers to fabs.o(i.fabs) for fabs
    rred.o(i.__ieee754_rem_pio2) refers to dmul.o(.text) for __aeabi_dmul
    rred.o(i.__ieee754_rem_pio2) refers to dfixi.o(.text) for __aeabi_d2iz
    rred.o(i.__ieee754_rem_pio2) refers to dflti.o(.text) for __aeabi_i2d
    rred.o(i.__ieee754_rem_pio2) refers to dfltui.o(.text) for __aeabi_ui2d
    rred.o(i.__ieee754_rem_pio2) refers to rred.o(.constdata) for .constdata
    rred.o(i.__use_accurate_range_reduction) refers (Special) to iusefp.o(.text) for __I$use$fp
    rred.o(.constdata) refers (Special) to iusefp.o(.text) for __I$use$fp
    sin_i.o(i.__kernel_sin) refers (Special) to iusefp.o(.text) for __I$use$fp
    sin_i.o(i.__kernel_sin) refers to fpclassify.o(i.__ARM_fpclassify) for __ARM_fpclassify
    sin_i.o(i.__kernel_sin) refers to dunder.o(i.__mathlib_dbl_underflow) for __mathlib_dbl_underflow
    sin_i.o(i.__kernel_sin) refers to dmul.o(.text) for __aeabi_dmul
    sin_i.o(i.__kernel_sin) refers to poly.o(i.__kernel_poly) for __kernel_poly
    sin_i.o(i.__kernel_sin) refers to dadd.o(.text) for __aeabi_dsub
    sin_i.o(i.__kernel_sin) refers to sin_i.o(.constdata) for .constdata
    sin_i.o(.constdata) refers (Special) to iusefp.o(.text) for __I$use$fp
    sin_i_x.o(i.____kernel_sin$lsc) refers (Special) to iusefp.o(.text) for __I$use$fp
    sin_i_x.o(i.____kernel_sin$lsc) refers to dmul.o(.text) for __aeabi_dmul
    sin_i_x.o(i.____kernel_sin$lsc) refers to poly.o(i.__kernel_poly) for __kernel_poly
    sin_i_x.o(i.____kernel_sin$lsc) refers to dadd.o(.text) for __aeabi_dsub
    sin_i_x.o(i.____kernel_sin$lsc) refers to sin_i_x.o(.constdata) for .constdata
    sin_i_x.o(.constdata) refers (Special) to iusefp.o(.text) for __I$use$fp
    tan_i.o(i.__kernel_tan) refers (Special) to iusefp.o(.text) for __I$use$fp
    tan_i.o(i.__kernel_tan) refers to dfixi.o(.text) for __aeabi_d2iz
    tan_i.o(i.__kernel_tan) refers to dadd.o(.text) for __aeabi_drsub
    tan_i.o(i.__kernel_tan) refers to dmul.o(.text) for __aeabi_dmul
    tan_i.o(i.__kernel_tan) refers to poly.o(i.__kernel_poly) for __kernel_poly
    tan_i.o(i.__kernel_tan) refers to dflti.o(.text) for __aeabi_i2d
    tan_i.o(i.__kernel_tan) refers to ddiv.o(.text) for __aeabi_ddiv
    tan_i.o(i.__kernel_tan) refers to fabs.o(i.fabs) for fabs
    tan_i.o(i.__kernel_tan) refers to fpclassify.o(i.__ARM_fpclassify) for __ARM_fpclassify
    tan_i.o(i.__kernel_tan) refers to dunder.o(i.__mathlib_dbl_underflow) for __mathlib_dbl_underflow
    tan_i.o(i.__kernel_tan) refers to tan_i.o(.constdata) for .constdata
    tan_i.o(.constdata) refers (Special) to iusefp.o(.text) for __I$use$fp
    tan_i_x.o(i.____kernel_tan$lsc) refers (Special) to iusefp.o(.text) for __I$use$fp
    tan_i_x.o(i.____kernel_tan$lsc) refers to dfixi.o(.text) for __aeabi_d2iz
    tan_i_x.o(i.____kernel_tan$lsc) refers to dadd.o(.text) for __aeabi_drsub
    tan_i_x.o(i.____kernel_tan$lsc) refers to dmul.o(.text) for __aeabi_dmul
    tan_i_x.o(i.____kernel_tan$lsc) refers to poly.o(i.__kernel_poly) for __kernel_poly
    tan_i_x.o(i.____kernel_tan$lsc) refers to dflti.o(.text) for __aeabi_i2d
    tan_i_x.o(i.____kernel_tan$lsc) refers to ddiv.o(.text) for __aeabi_ddiv
    tan_i_x.o(i.____kernel_tan$lsc) refers to fabs.o(i.fabs) for fabs
    tan_i_x.o(i.____kernel_tan$lsc) refers to tan_i_x.o(.constdata) for .constdata
    tan_i_x.o(.constdata) refers (Special) to iusefp.o(.text) for __I$use$fp
    entry2.o(.ARM.Collect$$$$00000001) refers to entry2.o(.ARM.Collect$$$$00002712) for __lit__00000000
    entry2.o(.ARM.Collect$$$$00002712) refers to startup_stm32f40_41xxx.o(STACK) for __initial_sp
    entry2.o(__vectab_stack_and_reset_area) refers to startup_stm32f40_41xxx.o(STACK) for __initial_sp
    entry2.o(__vectab_stack_and_reset_area) refers to entry.o(.ARM.Collect$$$$00000000) for __main
    entry5.o(.ARM.Collect$$$$00000004) refers to init.o(.text) for __scatterload
    entry9a.o(.ARM.Collect$$$$0000000B) refers to main.o(i.main) for main
    entry9b.o(.ARM.Collect$$$$0000000C) refers to main.o(i.main) for main
    uldiv.o(.text) refers to llushr.o(.text) for __aeabi_llsr
    uldiv.o(.text) refers to llshl.o(.text) for __aeabi_llsl
    errno.o(i.__aeabi_errno_addr) refers to errno.o(.data) for .data
    errno.o(i.__read_errno) refers to errno.o(.data) for .data
    errno.o(i.__set_errno) refers to errno.o(.data) for .data
    scanf_char.o(.text) refers to _scanf.o(.text) for __vfscanf
    scanf_char.o(.text) refers to isspace_c.o(.text) for isspace
    depilogue.o(.text) refers to llshl.o(.text) for __aeabi_llsl
    depilogue.o(.text) refers to llushr.o(.text) for __aeabi_llsr
    dsqrt.o(.text) refers to llushr.o(.text) for __aeabi_llsr
    dsqrt.o(.text) refers to depilogue.o(.text) for _double_round
    dfltul.o(.text) refers to depilogue.o(.text) for _double_epilogue
    dfixul.o(.text) refers to llushr.o(.text) for __aeabi_llsr
    dfixul.o(.text) refers to llshl.o(.text) for __aeabi_llsl
    init.o(.text) refers to entry5.o(.ARM.Collect$$$$00000004) for __main_after_scatterload
    isspace_c.o(.text) refers to ctype_c.o(.text) for __ctype_lookup
    _scanf.o(.text) refers (Weak) to scanf_fp.o(.text) for _scanf_real
    _scanf.o(.text) refers (Weak) to _scanf_int.o(.text) for _scanf_int
    ctype_c.o(.text) refers to ctype_c.o(.constdata) for .constdata
    scanf_fp.o(i._is_digit) refers (Special) to iusefp.o(.text) for __I$use$fp


==============================================================================

Removing Unused input sections from the image.

    Removing stm32f4xx_it.o(.rev16_text), (4 bytes).
    Removing stm32f4xx_it.o(.revsh_text), (4 bytes).
    Removing main.o(.rev16_text), (4 bytes).
    Removing main.o(.revsh_text), (4 bytes).
    Removing system_stm32f4xx.o(.rev16_text), (4 bytes).
    Removing system_stm32f4xx.o(.revsh_text), (4 bytes).
    Removing system_stm32f4xx.o(i.SystemCoreClockUpdate), (192 bytes).
    Removing freertosdef.o(.rev16_text), (4 bytes).
    Removing freertosdef.o(.revsh_text), (4 bytes).
    Removing freertosdef.o(i.HMI_FLASH_task), (36 bytes).
    Removing freertosdef.o(i.MPU9250_task), (52 bytes).
    Removing freertosdef.o(.bss), (9 bytes).
    Removing head.o(.rev16_text), (4 bytes).
    Removing head.o(.revsh_text), (4 bytes).
    Removing head.o(i.AGV_Init), (38 bytes).
    Removing i_o.o(.rev16_text), (4 bytes).
    Removing i_o.o(.revsh_text), (4 bytes).
    Removing motor.o(.rev16_text), (4 bytes).
    Removing motor.o(.revsh_text), (4 bytes).
    Removing motor.o(.data), (5 bytes).
    Removing lan8720.o(.rev16_text), (4 bytes).
    Removing lan8720.o(.revsh_text), (4 bytes).
    Removing lan8720.o(i.ETHERNET_NVICConfiguration), (34 bytes).
    Removing lan8720.o(i.ETH_GetCurrentTxBuffer), (12 bytes).
    Removing lan8720.o(i.ETH_MACDMA_Config), (140 bytes).
    Removing lan8720.o(i.ETH_Mem_Free), (60 bytes).
    Removing lan8720.o(i.ETH_Mem_Malloc), (108 bytes).
    Removing lan8720.o(i.ETH_Tx_Packet), (104 bytes).
    Removing lan8720.o(i.LAN8720_Get_Speed), (18 bytes).
    Removing lan8720.o(i.LAN8720_Init), (272 bytes).
    Removing lan8720.o(.data), (16 bytes).
    Removing 24cxx.o(.rev16_text), (4 bytes).
    Removing 24cxx.o(.revsh_text), (4 bytes).
    Removing 24cxx.o(i.AT24CXX_Check), (46 bytes).
    Removing 24cxx.o(i.AT24CXX_Init), (8 bytes).
    Removing 24cxx.o(i.AT24CXX_Read), (34 bytes).
    Removing 24cxx.o(i.AT24CXX_ReadLenByte), (44 bytes).
    Removing 24cxx.o(i.AT24CXX_ReadOneByte), (88 bytes).
    Removing 24cxx.o(i.AT24CXX_Write), (36 bytes).
    Removing 24cxx.o(i.AT24CXX_WriteLenByte), (42 bytes).
    Removing 24cxx.o(i.AT24CXX_WriteOneByte), (80 bytes).
    Removing myiic.o(.rev16_text), (4 bytes).
    Removing myiic.o(.revsh_text), (4 bytes).
    Removing 24l01.o(.rev16_text), (4 bytes).
    Removing 24l01.o(.revsh_text), (4 bytes).
    Removing 24l01.o(i.NRF24L01_Check), (76 bytes).
    Removing 24l01.o(i.NRF24L01_Init), (204 bytes).
    Removing 24l01.o(i.NRF24L01_Read_Buf), (64 bytes).
    Removing 24l01.o(i.NRF24L01_Read_Reg), (44 bytes).
    Removing 24l01.o(i.NRF24L01_RxPacket), (52 bytes).
    Removing 24l01.o(i.NRF24L01_TxPacket), (100 bytes).
    Removing 24l01.o(i.NRF24L01_Write_Buf), (64 bytes).
    Removing 24l01.o(i.NRF24L01_Write_Reg), (44 bytes).
    Removing 24l01.o(i.RX_Mode), (144 bytes).
    Removing 24l01.o(i.Syma_check), (296 bytes).
    Removing 24l01.o(i.TX_Mode), (100 bytes).
    Removing 24l01.o(.constdata), (10 bytes).
    Removing spi.o(.rev16_text), (4 bytes).
    Removing spi.o(.revsh_text), (4 bytes).
    Removing spi.o(i.SPI1_Init), (192 bytes).
    Removing spi.o(i.SPI1_ReadWriteByte), (56 bytes).
    Removing spi.o(i.SPI1_SetSpeed), (40 bytes).
    Removing timer.o(.rev16_text), (4 bytes).
    Removing timer.o(.revsh_text), (4 bytes).
    Removing timer.o(i.TIM6_Int_Init), (92 bytes).
    Removing timer1.o(.rev16_text), (4 bytes).
    Removing timer1.o(.revsh_text), (4 bytes).
    Removing timer1.o(i.TIM1_Init), (112 bytes).
    Removing usart3.o(.rev16_text), (4 bytes).
    Removing usart3.o(.revsh_text), (4 bytes).
    Removing usart3.o(i.u3_printf), (80 bytes).
    Removing pwm.o(.rev16_text), (4 bytes).
    Removing pwm.o(.revsh_text), (4 bytes).
    Removing pwm.o(i.DIR_Init), (64 bytes).
    Removing pwm.o(i.Speed_trans), (80 bytes).
    Removing pwm.o(i.Steering_contral), (44 bytes).
    Removing pwm.o(i.Time_CH1234_Init), (14 bytes).
    Removing pwm.o(i.auto_vehicle_contr), (216 bytes).
    Removing rad.o(.rev16_text), (4 bytes).
    Removing rad.o(.revsh_text), (4 bytes).
    Removing rad.o(i.ultrosonic_GPIO_Init), (68 bytes).
    Removing rad.o(i.ultrosonic_Read), (76 bytes).
    Removing rad.o(i.ultrosonic_check), (48 bytes).
    Removing rad.o(i.ultrosonic_process), (256 bytes).
    Removing rad.o(.bss), (18 bytes).
    Removing rad.o(.data), (13 bytes).
    Removing usart6.o(.rev16_text), (4 bytes).
    Removing usart6.o(.revsh_text), (4 bytes).
    Removing usart6.o(i.Check_Sum), (60 bytes).
    Removing usart6.o(i.SCM_345_contralCmd), (48 bytes).
    Removing usart6.o(i.SLAM_AutoContral), (136 bytes).
    Removing usart6.o(i.USART6_SEND), (32 bytes).
    Removing usart6.o(i.bcd_to_hex), (128 bytes).
    Removing usart6.o(i.data_transition), (524 bytes).
    Removing usart6.o(i.usart6_send), (28 bytes).
    Removing vehicle.o(.rev16_text), (4 bytes).
    Removing vehicle.o(.revsh_text), (4 bytes).
    Removing vehicle.o(i.DriveMotor_Ratio), (36 bytes).
    Removing vehicle.o(i.Vehicle_control), (2 bytes).
    Removing vehicle.o(i.Vehicle_count_Usart), (1036 bytes).
    Removing vehicle.o(i.XYZ_Target_Speed_transition), (112 bytes).
    Removing vehicle.o(i.float_abs), (26 bytes).
    Removing usart2.o(.rev16_text), (4 bytes).
    Removing usart2.o(.revsh_text), (4 bytes).
    Removing usart2.o(i.Battery_Capacity), (268 bytes).
    Removing usart2.o(i.vehicle_upload), (440 bytes).
    Removing usart2.o(.bss), (558 bytes).
    Removing mpu9250.o(.rev16_text), (4 bytes).
    Removing mpu9250.o(.revsh_text), (4 bytes).
    Removing mpu9250.o(i.MPU_Get_Accelerometer), (72 bytes).
    Removing mpu9250.o(i.MPU_Get_Gyroscope), (196 bytes).
    Removing mpu9250.o(i.MPU_Get_Magnetometer), (82 bytes).
    Removing mpu9250.o(i.MPU_Get_Temperature), (132 bytes).
    Removing mpu9250.o(i.MPU_Read_Len), (116 bytes).
    Removing mpu9250.o(i.MPU_Write_Len), (96 bytes).
    Removing mpu9250.o(.data), (46 bytes).
    Removing delay.o(.rev16_text), (4 bytes).
    Removing delay.o(.revsh_text), (4 bytes).
    Removing delay.o(i.HAL_GetTick), (12 bytes).
    Removing delay.o(i.HAL_IncTick), (16 bytes).
    Removing delay.o(i.delay_xms), (24 bytes).
    Removing sys.o(.rev16_text), (4 bytes).
    Removing sys.o(.revsh_text), (4 bytes).
    Removing sys.o(.emb_text), (16 bytes).
    Removing usart.o(.rev16_text), (4 bytes).
    Removing usart.o(.revsh_text), (4 bytes).
    Removing usart.o(i.MapTable_repair), (404 bytes).
    Removing usart.o(i.Map_Download), (160 bytes).
    Removing usart.o(i._sys_exit), (6 bytes).
    Removing startup_stm32f40_41xxx.o(HEAP), (0 bytes).
    Removing misc.o(.rev16_text), (4 bytes).
    Removing misc.o(.revsh_text), (4 bytes).
    Removing misc.o(i.NVIC_SetVectorTable), (20 bytes).
    Removing misc.o(i.NVIC_SystemLPConfig), (32 bytes).
    Removing stm32f4xx_gpio.o(.rev16_text), (4 bytes).
    Removing stm32f4xx_gpio.o(.revsh_text), (4 bytes).
    Removing stm32f4xx_gpio.o(i.GPIO_DeInit), (312 bytes).
    Removing stm32f4xx_gpio.o(i.GPIO_PinLockConfig), (34 bytes).
    Removing stm32f4xx_gpio.o(i.GPIO_ReadInputData), (8 bytes).
    Removing stm32f4xx_gpio.o(i.GPIO_ReadOutputData), (8 bytes).
    Removing stm32f4xx_gpio.o(i.GPIO_ReadOutputDataBit), (18 bytes).
    Removing stm32f4xx_gpio.o(i.GPIO_ResetBits), (4 bytes).
    Removing stm32f4xx_gpio.o(i.GPIO_StructInit), (18 bytes).
    Removing stm32f4xx_gpio.o(i.GPIO_ToggleBits), (8 bytes).
    Removing stm32f4xx_gpio.o(i.GPIO_Write), (4 bytes).
    Removing stm32f4xx_gpio.o(i.GPIO_WriteBit), (10 bytes).
    Removing stm32f4xx_rcc.o(.rev16_text), (4 bytes).
    Removing stm32f4xx_rcc.o(.revsh_text), (4 bytes).
    Removing stm32f4xx_rcc.o(i.RCC_AHB1PeriphClockLPModeCmd), (32 bytes).
    Removing stm32f4xx_rcc.o(i.RCC_AHB1PeriphResetCmd), (32 bytes).
    Removing stm32f4xx_rcc.o(i.RCC_AHB2PeriphClockCmd), (32 bytes).
    Removing stm32f4xx_rcc.o(i.RCC_AHB2PeriphClockLPModeCmd), (32 bytes).
    Removing stm32f4xx_rcc.o(i.RCC_AHB2PeriphResetCmd), (32 bytes).
    Removing stm32f4xx_rcc.o(i.RCC_AHB3PeriphClockCmd), (32 bytes).
    Removing stm32f4xx_rcc.o(i.RCC_AHB3PeriphClockLPModeCmd), (32 bytes).
    Removing stm32f4xx_rcc.o(i.RCC_AHB3PeriphResetCmd), (32 bytes).
    Removing stm32f4xx_rcc.o(i.RCC_APB1PeriphClockLPModeCmd), (32 bytes).
    Removing stm32f4xx_rcc.o(i.RCC_APB1PeriphResetCmd), (32 bytes).
    Removing stm32f4xx_rcc.o(i.RCC_APB2PeriphClockLPModeCmd), (32 bytes).
    Removing stm32f4xx_rcc.o(i.RCC_APB2PeriphResetCmd), (32 bytes).
    Removing stm32f4xx_rcc.o(i.RCC_AdjustHSICalibrationValue), (24 bytes).
    Removing stm32f4xx_rcc.o(i.RCC_BackupResetCmd), (12 bytes).
    Removing stm32f4xx_rcc.o(i.RCC_ClearFlag), (20 bytes).
    Removing stm32f4xx_rcc.o(i.RCC_ClearITPendingBit), (12 bytes).
    Removing stm32f4xx_rcc.o(i.RCC_ClockSecuritySystemCmd), (12 bytes).
    Removing stm32f4xx_rcc.o(i.RCC_DeInit), (100 bytes).
    Removing stm32f4xx_rcc.o(i.RCC_GetFlagStatus), (64 bytes).
    Removing stm32f4xx_rcc.o(i.RCC_GetITStatus), (24 bytes).
    Removing stm32f4xx_rcc.o(i.RCC_GetSYSCLKSource), (16 bytes).
    Removing stm32f4xx_rcc.o(i.RCC_HCLKConfig), (24 bytes).
    Removing stm32f4xx_rcc.o(i.RCC_HSEConfig), (16 bytes).
    Removing stm32f4xx_rcc.o(i.RCC_HSICmd), (12 bytes).
    Removing stm32f4xx_rcc.o(i.RCC_I2SCLKConfig), (12 bytes).
    Removing stm32f4xx_rcc.o(i.RCC_ITConfig), (32 bytes).
    Removing stm32f4xx_rcc.o(i.RCC_LSEConfig), (44 bytes).
    Removing stm32f4xx_rcc.o(i.RCC_LSEModeConfig), (36 bytes).
    Removing stm32f4xx_rcc.o(i.RCC_LSICmd), (12 bytes).
    Removing stm32f4xx_rcc.o(i.RCC_LTDCCLKDivConfig), (24 bytes).
    Removing stm32f4xx_rcc.o(i.RCC_MCO1Config), (28 bytes).
    Removing stm32f4xx_rcc.o(i.RCC_MCO2Config), (28 bytes).
    Removing stm32f4xx_rcc.o(i.RCC_PCLK1Config), (24 bytes).
    Removing stm32f4xx_rcc.o(i.RCC_PCLK2Config), (24 bytes).
    Removing stm32f4xx_rcc.o(i.RCC_PLLCmd), (12 bytes).
    Removing stm32f4xx_rcc.o(i.RCC_PLLConfig), (36 bytes).
    Removing stm32f4xx_rcc.o(i.RCC_PLLI2SCmd), (12 bytes).
    Removing stm32f4xx_rcc.o(i.RCC_PLLI2SConfig), (16 bytes).
    Removing stm32f4xx_rcc.o(i.RCC_PLLSAICmd), (12 bytes).
    Removing stm32f4xx_rcc.o(i.RCC_PLLSAIConfig), (24 bytes).
    Removing stm32f4xx_rcc.o(i.RCC_RTCCLKCmd), (12 bytes).
    Removing stm32f4xx_rcc.o(i.RCC_RTCCLKConfig), (60 bytes).
    Removing stm32f4xx_rcc.o(i.RCC_SAIBlockACLKConfig), (24 bytes).
    Removing stm32f4xx_rcc.o(i.RCC_SAIBlockBCLKConfig), (24 bytes).
    Removing stm32f4xx_rcc.o(i.RCC_SAIPLLI2SClkDivConfig), (28 bytes).
    Removing stm32f4xx_rcc.o(i.RCC_SAIPLLSAIClkDivConfig), (28 bytes).
    Removing stm32f4xx_rcc.o(i.RCC_SYSCLKConfig), (24 bytes).
    Removing stm32f4xx_rcc.o(i.RCC_TIMCLKPresConfig), (12 bytes).
    Removing stm32f4xx_rcc.o(i.RCC_WaitForHSEStartUp), (56 bytes).
    Removing stm32f4xx_syscfg.o(.rev16_text), (4 bytes).
    Removing stm32f4xx_syscfg.o(.revsh_text), (4 bytes).
    Removing stm32f4xx_syscfg.o(i.SYSCFG_CompensationCellCmd), (12 bytes).
    Removing stm32f4xx_syscfg.o(i.SYSCFG_DeInit), (22 bytes).
    Removing stm32f4xx_syscfg.o(i.SYSCFG_ETH_MediaInterfaceConfig), (12 bytes).
    Removing stm32f4xx_syscfg.o(i.SYSCFG_EXTILineConfig), (64 bytes).
    Removing stm32f4xx_syscfg.o(i.SYSCFG_GetCompensationCellStatus), (24 bytes).
    Removing stm32f4xx_syscfg.o(i.SYSCFG_MemoryRemapConfig), (12 bytes).
    Removing stm32f4xx_syscfg.o(i.SYSCFG_MemorySwappingBank), (12 bytes).
    Removing stm32f4xx_usart.o(.rev16_text), (4 bytes).
    Removing stm32f4xx_usart.o(.revsh_text), (4 bytes).
    Removing stm32f4xx_usart.o(i.USART_ClearITPendingBit), (30 bytes).
    Removing stm32f4xx_usart.o(i.USART_ClockInit), (32 bytes).
    Removing stm32f4xx_usart.o(i.USART_ClockStructInit), (12 bytes).
    Removing stm32f4xx_usart.o(i.USART_DMACmd), (18 bytes).
    Removing stm32f4xx_usart.o(i.USART_DeInit), (240 bytes).
    Removing stm32f4xx_usart.o(i.USART_HalfDuplexCmd), (24 bytes).
    Removing stm32f4xx_usart.o(i.USART_IrDACmd), (24 bytes).
    Removing stm32f4xx_usart.o(i.USART_IrDAConfig), (18 bytes).
    Removing stm32f4xx_usart.o(i.USART_LINBreakDetectLengthConfig), (18 bytes).
    Removing stm32f4xx_usart.o(i.USART_LINCmd), (24 bytes).
    Removing stm32f4xx_usart.o(i.USART_OneBitMethodCmd), (24 bytes).
    Removing stm32f4xx_usart.o(i.USART_OverSampling8Cmd), (22 bytes).
    Removing stm32f4xx_usart.o(i.USART_ReceiverWakeUpCmd), (24 bytes).
    Removing stm32f4xx_usart.o(i.USART_SendBreak), (10 bytes).
    Removing stm32f4xx_usart.o(i.USART_SetAddress), (18 bytes).
    Removing stm32f4xx_usart.o(i.USART_SetGuardTime), (16 bytes).
    Removing stm32f4xx_usart.o(i.USART_SetPrescaler), (16 bytes).
    Removing stm32f4xx_usart.o(i.USART_SmartCardCmd), (24 bytes).
    Removing stm32f4xx_usart.o(i.USART_SmartCardNACKCmd), (24 bytes).
    Removing stm32f4xx_usart.o(i.USART_StructInit), (24 bytes).
    Removing stm32f4xx_usart.o(i.USART_WakeUpConfig), (18 bytes).
    Removing stm32f4xx_can.o(.rev16_text), (4 bytes).
    Removing stm32f4xx_can.o(.revsh_text), (4 bytes).
    Removing stm32f4xx_can.o(i.CAN_CancelTransmit), (48 bytes).
    Removing stm32f4xx_can.o(i.CAN_ClearFlag), (56 bytes).
    Removing stm32f4xx_can.o(i.CAN_ClearITPendingBit), (168 bytes).
    Removing stm32f4xx_can.o(i.CAN_DBGFreeze), (22 bytes).
    Removing stm32f4xx_can.o(i.CAN_DeInit), (56 bytes).
    Removing stm32f4xx_can.o(i.CAN_FIFORelease), (22 bytes).
    Removing stm32f4xx_can.o(i.CAN_GetFlagStatus), (120 bytes).
    Removing stm32f4xx_can.o(i.CAN_GetITStatus), (288 bytes).
    Removing stm32f4xx_can.o(i.CAN_GetLSBTransmitErrorCounter), (12 bytes).
    Removing stm32f4xx_can.o(i.CAN_GetLastErrorCode), (12 bytes).
    Removing stm32f4xx_can.o(i.CAN_GetReceiveErrorCounter), (10 bytes).
    Removing stm32f4xx_can.o(i.CAN_MessagePending), (30 bytes).
    Removing stm32f4xx_can.o(i.CAN_OperatingModeRequest), (162 bytes).
    Removing stm32f4xx_can.o(i.CAN_SlaveStartBank), (52 bytes).
    Removing stm32f4xx_can.o(i.CAN_Sleep), (30 bytes).
    Removing stm32f4xx_can.o(i.CAN_StructInit), (32 bytes).
    Removing stm32f4xx_can.o(i.CAN_TTComModeCmd), (118 bytes).
    Removing stm32f4xx_can.o(i.CAN_WakeUp), (48 bytes).
    Removing stm32f4xx_can.o(i.CheckITStatus), (18 bytes).
    Removing stm32f4xx_tim.o(.rev16_text), (4 bytes).
    Removing stm32f4xx_tim.o(.revsh_text), (4 bytes).
    Removing stm32f4xx_tim.o(i.TI1_Config), (58 bytes).
    Removing stm32f4xx_tim.o(i.TI2_Config), (80 bytes).
    Removing stm32f4xx_tim.o(i.TI3_Config), (72 bytes).
    Removing stm32f4xx_tim.o(i.TI4_Config), (80 bytes).
    Removing stm32f4xx_tim.o(i.TIM_BDTRConfig), (32 bytes).
    Removing stm32f4xx_tim.o(i.TIM_BDTRStructInit), (18 bytes).
    Removing stm32f4xx_tim.o(i.TIM_CCPreloadControl), (24 bytes).
    Removing stm32f4xx_tim.o(i.TIM_CCxCmd), (30 bytes).
    Removing stm32f4xx_tim.o(i.TIM_CCxNCmd), (30 bytes).
    Removing stm32f4xx_tim.o(i.TIM_ClearFlag), (6 bytes).
    Removing stm32f4xx_tim.o(i.TIM_ClearOC1Ref), (18 bytes).
    Removing stm32f4xx_tim.o(i.TIM_ClearOC2Ref), (24 bytes).
    Removing stm32f4xx_tim.o(i.TIM_ClearOC3Ref), (18 bytes).
    Removing stm32f4xx_tim.o(i.TIM_ClearOC4Ref), (24 bytes).
    Removing stm32f4xx_tim.o(i.TIM_CounterModeConfig), (18 bytes).
    Removing stm32f4xx_tim.o(i.TIM_CtrlPWMOutputs), (30 bytes).
    Removing stm32f4xx_tim.o(i.TIM_DMACmd), (18 bytes).
    Removing stm32f4xx_tim.o(i.TIM_DMAConfig), (10 bytes).
    Removing stm32f4xx_tim.o(i.TIM_DeInit), (400 bytes).
    Removing stm32f4xx_tim.o(i.TIM_ETRClockMode1Config), (54 bytes).
    Removing stm32f4xx_tim.o(i.TIM_ETRClockMode2Config), (32 bytes).
    Removing stm32f4xx_tim.o(i.TIM_ETRConfig), (28 bytes).
    Removing stm32f4xx_tim.o(i.TIM_EncoderInterfaceConfig), (66 bytes).
    Removing stm32f4xx_tim.o(i.TIM_ForcedOC1Config), (18 bytes).
    Removing stm32f4xx_tim.o(i.TIM_ForcedOC2Config), (26 bytes).
    Removing stm32f4xx_tim.o(i.TIM_ForcedOC3Config), (18 bytes).
    Removing stm32f4xx_tim.o(i.TIM_ForcedOC4Config), (26 bytes).
    Removing stm32f4xx_tim.o(i.TIM_GenerateEvent), (4 bytes).
    Removing stm32f4xx_tim.o(i.TIM_GetCapture1), (6 bytes).
    Removing stm32f4xx_tim.o(i.TIM_GetCapture2), (6 bytes).
    Removing stm32f4xx_tim.o(i.TIM_GetCapture3), (6 bytes).
    Removing stm32f4xx_tim.o(i.TIM_GetCapture4), (6 bytes).
    Removing stm32f4xx_tim.o(i.TIM_GetCounter), (6 bytes).
    Removing stm32f4xx_tim.o(i.TIM_GetFlagStatus), (18 bytes).
    Removing stm32f4xx_tim.o(i.TIM_GetPrescaler), (6 bytes).
    Removing stm32f4xx_tim.o(i.TIM_ICInit), (110 bytes).
    Removing stm32f4xx_tim.o(i.TIM_ICStructInit), (18 bytes).
    Removing stm32f4xx_tim.o(i.TIM_ITRxExternalClockConfig), (24 bytes).
    Removing stm32f4xx_tim.o(i.TIM_InternalClockConfig), (12 bytes).
    Removing stm32f4xx_tim.o(i.TIM_OC1FastConfig), (18 bytes).
    Removing stm32f4xx_tim.o(i.TIM_OC1Init), (124 bytes).
    Removing stm32f4xx_tim.o(i.TIM_OC1NPolarityConfig), (18 bytes).
    Removing stm32f4xx_tim.o(i.TIM_OC1PolarityConfig), (18 bytes).
    Removing stm32f4xx_tim.o(i.TIM_OC1PreloadConfig), (18 bytes).
    Removing stm32f4xx_tim.o(i.TIM_OC2FastConfig), (26 bytes).
    Removing stm32f4xx_tim.o(i.TIM_OC2Init), (164 bytes).
    Removing stm32f4xx_tim.o(i.TIM_OC2NPolarityConfig), (26 bytes).
    Removing stm32f4xx_tim.o(i.TIM_OC2PolarityConfig), (26 bytes).
    Removing stm32f4xx_tim.o(i.TIM_OC2PreloadConfig), (26 bytes).
    Removing stm32f4xx_tim.o(i.TIM_OC3FastConfig), (18 bytes).
    Removing stm32f4xx_tim.o(i.TIM_OC3Init), (160 bytes).
    Removing stm32f4xx_tim.o(i.TIM_OC3NPolarityConfig), (26 bytes).
    Removing stm32f4xx_tim.o(i.TIM_OC3PolarityConfig), (26 bytes).
    Removing stm32f4xx_tim.o(i.TIM_OC3PreloadConfig), (18 bytes).
    Removing stm32f4xx_tim.o(i.TIM_OC4FastConfig), (26 bytes).
    Removing stm32f4xx_tim.o(i.TIM_OC4PolarityConfig), (26 bytes).
    Removing stm32f4xx_tim.o(i.TIM_OCStructInit), (20 bytes).
    Removing stm32f4xx_tim.o(i.TIM_PWMIConfig), (124 bytes).
    Removing stm32f4xx_tim.o(i.TIM_PrescalerConfig), (6 bytes).
    Removing stm32f4xx_tim.o(i.TIM_RemapConfig), (6 bytes).
    Removing stm32f4xx_tim.o(i.TIM_SelectCCDMA), (24 bytes).
    Removing stm32f4xx_tim.o(i.TIM_SelectCOM), (24 bytes).
    Removing stm32f4xx_tim.o(i.TIM_SelectHallSensor), (24 bytes).
    Removing stm32f4xx_tim.o(i.TIM_SelectInputTrigger), (18 bytes).
    Removing stm32f4xx_tim.o(i.TIM_SelectMasterSlaveMode), (18 bytes).
    Removing stm32f4xx_tim.o(i.TIM_SelectOCxM), (86 bytes).
    Removing stm32f4xx_tim.o(i.TIM_SelectOnePulseMode), (18 bytes).
    Removing stm32f4xx_tim.o(i.TIM_SelectOutputTrigger), (18 bytes).
    Removing stm32f4xx_tim.o(i.TIM_SelectSlaveMode), (18 bytes).
    Removing stm32f4xx_tim.o(i.TIM_SetAutoreload), (4 bytes).
    Removing stm32f4xx_tim.o(i.TIM_SetClockDivision), (18 bytes).
    Removing stm32f4xx_tim.o(i.TIM_SetCompare2), (4 bytes).
    Removing stm32f4xx_tim.o(i.TIM_SetCompare3), (4 bytes).
    Removing stm32f4xx_tim.o(i.TIM_SetIC1Prescaler), (18 bytes).
    Removing stm32f4xx_tim.o(i.TIM_SetIC2Prescaler), (26 bytes).
    Removing stm32f4xx_tim.o(i.TIM_SetIC3Prescaler), (18 bytes).
    Removing stm32f4xx_tim.o(i.TIM_SetIC4Prescaler), (26 bytes).
    Removing stm32f4xx_tim.o(i.TIM_TIxExternalClockConfig), (62 bytes).
    Removing stm32f4xx_tim.o(i.TIM_TimeBaseStructInit), (18 bytes).
    Removing stm32f4xx_tim.o(i.TIM_UpdateDisableConfig), (24 bytes).
    Removing stm32f4xx_tim.o(i.TIM_UpdateRequestConfig), (24 bytes).
    Removing stm32f4x7_eth.o(.rev16_text), (4 bytes).
    Removing stm32f4x7_eth.o(.revsh_text), (4 bytes).
    Removing stm32f4x7_eth.o(i.ETH_BackPressureActivationCmd), (36 bytes).
    Removing stm32f4x7_eth.o(i.ETH_CheckFrameReceived), (200 bytes).
    Removing stm32f4x7_eth.o(i.ETH_DMAClearFlag), (12 bytes).
    Removing stm32f4x7_eth.o(i.ETH_DMAITConfig), (32 bytes).
    Removing stm32f4x7_eth.o(i.ETH_DMAReceptionCmd), (36 bytes).
    Removing stm32f4x7_eth.o(i.ETH_DMARxDescChainInit), (100 bytes).
    Removing stm32f4x7_eth.o(i.ETH_DMARxDescReceiveITConfig), (22 bytes).
    Removing stm32f4x7_eth.o(i.ETH_DMATransmissionCmd), (36 bytes).
    Removing stm32f4x7_eth.o(i.ETH_DMATxDescBufferSizeConfig), (14 bytes).
    Removing stm32f4x7_eth.o(i.ETH_DMATxDescCRCCmd), (22 bytes).
    Removing stm32f4x7_eth.o(i.ETH_DMATxDescChainInit), (80 bytes).
    Removing stm32f4x7_eth.o(i.ETH_DMATxDescChecksumInsertionConfig), (8 bytes).
    Removing stm32f4x7_eth.o(i.ETH_DMATxDescFrameSegmentConfig), (8 bytes).
    Removing stm32f4x7_eth.o(i.ETH_DMATxDescSecondAddressChainedCmd), (22 bytes).
    Removing stm32f4x7_eth.o(i.ETH_DMATxDescShortFramePaddingCmd), (22 bytes).
    Removing stm32f4x7_eth.o(i.ETH_DMATxDescTransmitITConfig), (22 bytes).
    Removing stm32f4x7_eth.o(i.ETH_DeInit), (22 bytes).
    Removing stm32f4x7_eth.o(i.ETH_Delay), (28 bytes).
    Removing stm32f4x7_eth.o(i.ETH_EnhancedDescriptorCmd), (36 bytes).
    Removing stm32f4x7_eth.o(i.ETH_FlushTransmitFIFO), (20 bytes).
    Removing stm32f4x7_eth.o(i.ETH_GetBufferUnavailableMissedFrameCounter), (12 bytes).
    Removing stm32f4x7_eth.o(i.ETH_GetCurrentRxBufferAddress), (12 bytes).
    Removing stm32f4x7_eth.o(i.ETH_GetCurrentRxDescStartAddress), (12 bytes).
    Removing stm32f4x7_eth.o(i.ETH_GetCurrentTxBufferAddress), (12 bytes).
    Removing stm32f4x7_eth.o(i.ETH_GetCurrentTxDescStartAddress), (12 bytes).
    Removing stm32f4x7_eth.o(i.ETH_GetDMAFlagStatus), (24 bytes).
    Removing stm32f4x7_eth.o(i.ETH_GetDMAITStatus), (24 bytes).
    Removing stm32f4x7_eth.o(i.ETH_GetDMAOverflowStatus), (24 bytes).
    Removing stm32f4x7_eth.o(i.ETH_GetDMAPTPRxDescExtendedFlagStatus), (18 bytes).
    Removing stm32f4x7_eth.o(i.ETH_GetDMARxDescBufferSize), (20 bytes).
    Removing stm32f4x7_eth.o(i.ETH_GetDMARxDescFlagStatus), (18 bytes).
    Removing stm32f4x7_eth.o(i.ETH_GetDMATxDescCollisionCount), (10 bytes).
    Removing stm32f4x7_eth.o(i.ETH_GetDMATxDescFlagStatus), (18 bytes).
    Removing stm32f4x7_eth.o(i.ETH_GetFlowControlBusyStatus), (24 bytes).
    Removing stm32f4x7_eth.o(i.ETH_GetFlushTransmitFIFOStatus), (24 bytes).
    Removing stm32f4x7_eth.o(i.ETH_GetMACAddress), (40 bytes).
    Removing stm32f4x7_eth.o(i.ETH_GetMACFlagStatus), (24 bytes).
    Removing stm32f4x7_eth.o(i.ETH_GetMACITStatus), (24 bytes).
    Removing stm32f4x7_eth.o(i.ETH_GetMMCITStatus), (68 bytes).
    Removing stm32f4x7_eth.o(i.ETH_GetMMCRegister), (12 bytes).
    Removing stm32f4x7_eth.o(i.ETH_GetPMTFlagStatus), (24 bytes).
    Removing stm32f4x7_eth.o(i.ETH_GetReceiveProcessState), (16 bytes).
    Removing stm32f4x7_eth.o(i.ETH_GetRxOverflowMissedFrameCounter), (16 bytes).
    Removing stm32f4x7_eth.o(i.ETH_GetSoftwareResetStatus), (24 bytes).
    Removing stm32f4x7_eth.o(i.ETH_GetTransmitProcessState), (16 bytes).
    Removing stm32f4x7_eth.o(i.ETH_Get_Received_Frame), (92 bytes).
    Removing stm32f4x7_eth.o(i.ETH_Get_Received_Frame_interrupt), (276 bytes).
    Removing stm32f4x7_eth.o(i.ETH_GlobalUnicastWakeUpCmd), (36 bytes).
    Removing stm32f4x7_eth.o(i.ETH_Init), (664 bytes).
    Removing stm32f4x7_eth.o(i.ETH_InitiatePauseControlFrame), (20 bytes).
    Removing stm32f4x7_eth.o(i.ETH_MACAddressConfig), (52 bytes).
    Removing stm32f4x7_eth.o(i.ETH_MACAddressFilterConfig), (44 bytes).
    Removing stm32f4x7_eth.o(i.ETH_MACAddressMaskBytesFilterConfig), (36 bytes).
    Removing stm32f4x7_eth.o(i.ETH_MACAddressPerfectFilterCmd), (44 bytes).
    Removing stm32f4x7_eth.o(i.ETH_MACITConfig), (32 bytes).
    Removing stm32f4x7_eth.o(i.ETH_MACReceptionCmd), (36 bytes).
    Removing stm32f4x7_eth.o(i.ETH_MACTransmissionCmd), (36 bytes).
    Removing stm32f4x7_eth.o(i.ETH_MMCCounterFreezeCmd), (44 bytes).
    Removing stm32f4x7_eth.o(i.ETH_MMCCounterFullPreset), (24 bytes).
    Removing stm32f4x7_eth.o(i.ETH_MMCCounterHalfPreset), (40 bytes).
    Removing stm32f4x7_eth.o(i.ETH_MMCCounterRolloverCmd), (44 bytes).
    Removing stm32f4x7_eth.o(i.ETH_MMCCountersReset), (24 bytes).
    Removing stm32f4x7_eth.o(i.ETH_MMCITConfig), (84 bytes).
    Removing stm32f4x7_eth.o(i.ETH_MMCResetOnReadCmd), (44 bytes).
    Removing stm32f4x7_eth.o(i.ETH_MagicPacketDetectionCmd), (36 bytes).
    Removing stm32f4x7_eth.o(i.ETH_PHYLoopBackCmd), (52 bytes).
    Removing stm32f4x7_eth.o(i.ETH_PowerDownCmd), (36 bytes).
    Removing stm32f4x7_eth.o(i.ETH_Prepare_Transmit_Descriptors), (232 bytes).
    Removing stm32f4x7_eth.o(i.ETH_ReadPHYRegister), (108 bytes).
    Removing stm32f4x7_eth.o(i.ETH_ResetWakeUpFrameFilterRegisterPointer), (20 bytes).
    Removing stm32f4x7_eth.o(i.ETH_ResumeDMAReception), (12 bytes).
    Removing stm32f4x7_eth.o(i.ETH_ResumeDMATransmission), (12 bytes).
    Removing stm32f4x7_eth.o(i.ETH_SetDMARxDescOwnBit), (10 bytes).
    Removing stm32f4x7_eth.o(i.ETH_SetDMATxDescOwnBit), (10 bytes).
    Removing stm32f4x7_eth.o(i.ETH_SetReceiveWatchdogTimer), (12 bytes).
    Removing stm32f4x7_eth.o(i.ETH_SetWakeUpFrameFilterRegister), (28 bytes).
    Removing stm32f4x7_eth.o(i.ETH_SoftwareReset), (20 bytes).
    Removing stm32f4x7_eth.o(i.ETH_Start), (32 bytes).
    Removing stm32f4x7_eth.o(i.ETH_StructInit), (178 bytes).
    Removing stm32f4x7_eth.o(i.ETH_WakeUpFrameDetectionCmd), (36 bytes).
    Removing stm32f4x7_eth.o(i.ETH_WritePHYRegister), (104 bytes).
    Removing stm32f4x7_eth.o(.bss), (12 bytes).
    Removing stm32f4xx_exti.o(.rev16_text), (4 bytes).
    Removing stm32f4xx_exti.o(.revsh_text), (4 bytes).
    Removing stm32f4xx_exti.o(i.EXTI_ClearFlag), (12 bytes).
    Removing stm32f4xx_exti.o(i.EXTI_DeInit), (36 bytes).
    Removing stm32f4xx_exti.o(i.EXTI_GenerateSWInterrupt), (16 bytes).
    Removing stm32f4xx_exti.o(i.EXTI_GetFlagStatus), (24 bytes).
    Removing stm32f4xx_exti.o(i.EXTI_GetITStatus), (24 bytes).
    Removing stm32f4xx_exti.o(i.EXTI_Init), (148 bytes).
    Removing stm32f4xx_exti.o(i.EXTI_StructInit), (16 bytes).
    Removing stm32f4xx_flash.o(.rev16_text), (4 bytes).
    Removing stm32f4xx_flash.o(.revsh_text), (4 bytes).
    Removing stm32f4xx_flash.o(i.FLASH_ClearFlag), (12 bytes).
    Removing stm32f4xx_flash.o(i.FLASH_DataCacheCmd), (36 bytes).
    Removing stm32f4xx_flash.o(i.FLASH_DataCacheReset), (20 bytes).
    Removing stm32f4xx_flash.o(i.FLASH_EraseAllBank1Sectors), (108 bytes).
    Removing stm32f4xx_flash.o(i.FLASH_EraseAllBank2Sectors), (108 bytes).
    Removing stm32f4xx_flash.o(i.FLASH_EraseAllSectors), (108 bytes).
    Removing stm32f4xx_flash.o(i.FLASH_EraseSector), (136 bytes).
    Removing stm32f4xx_flash.o(i.FLASH_GetFlagStatus), (24 bytes).
    Removing stm32f4xx_flash.o(i.FLASH_GetStatus), (84 bytes).
    Removing stm32f4xx_flash.o(i.FLASH_ITConfig), (32 bytes).
    Removing stm32f4xx_flash.o(i.FLASH_InstructionCacheCmd), (36 bytes).
    Removing stm32f4xx_flash.o(i.FLASH_InstructionCacheReset), (20 bytes).
    Removing stm32f4xx_flash.o(i.FLASH_Lock), (20 bytes).
    Removing stm32f4xx_flash.o(i.FLASH_OB_BORConfig), (28 bytes).
    Removing stm32f4xx_flash.o(i.FLASH_OB_BootConfig), (28 bytes).
    Removing stm32f4xx_flash.o(i.FLASH_OB_GetBOR), (16 bytes).
    Removing stm32f4xx_flash.o(i.FLASH_OB_GetPCROP), (12 bytes).
    Removing stm32f4xx_flash.o(i.FLASH_OB_GetPCROP1), (12 bytes).
    Removing stm32f4xx_flash.o(i.FLASH_OB_GetRDP), (24 bytes).
    Removing stm32f4xx_flash.o(i.FLASH_OB_GetUser), (16 bytes).
    Removing stm32f4xx_flash.o(i.FLASH_OB_GetWRP), (12 bytes).
    Removing stm32f4xx_flash.o(i.FLASH_OB_GetWRP1), (12 bytes).
    Removing stm32f4xx_flash.o(i.FLASH_OB_Launch), (32 bytes).
    Removing stm32f4xx_flash.o(i.FLASH_OB_Lock), (20 bytes).
    Removing stm32f4xx_flash.o(i.FLASH_OB_PCROP1Config), (52 bytes).
    Removing stm32f4xx_flash.o(i.FLASH_OB_PCROPConfig), (52 bytes).
    Removing stm32f4xx_flash.o(i.FLASH_OB_PCROPSelectionConfig), (24 bytes).
    Removing stm32f4xx_flash.o(i.FLASH_OB_RDPConfig), (28 bytes).
    Removing stm32f4xx_flash.o(i.FLASH_OB_Unlock), (36 bytes).
    Removing stm32f4xx_flash.o(i.FLASH_OB_UserConfig), (48 bytes).
    Removing stm32f4xx_flash.o(i.FLASH_OB_WRP1Config), (52 bytes).
    Removing stm32f4xx_flash.o(i.FLASH_OB_WRPConfig), (52 bytes).
    Removing stm32f4xx_flash.o(i.FLASH_PrefetchBufferCmd), (36 bytes).
    Removing stm32f4xx_flash.o(i.FLASH_ProgramByte), (76 bytes).
    Removing stm32f4xx_flash.o(i.FLASH_ProgramDoubleWord), (84 bytes).
    Removing stm32f4xx_flash.o(i.FLASH_ProgramHalfWord), (80 bytes).
    Removing stm32f4xx_flash.o(i.FLASH_ProgramWord), (80 bytes).
    Removing stm32f4xx_flash.o(i.FLASH_SetLatency), (12 bytes).
    Removing stm32f4xx_flash.o(i.FLASH_Unlock), (36 bytes).
    Removing stm32f4xx_flash.o(i.FLASH_WaitForLastOperation), (34 bytes).
    Removing stm32f4xx_spi.o(.rev16_text), (4 bytes).
    Removing stm32f4xx_spi.o(.revsh_text), (4 bytes).
    Removing stm32f4xx_spi.o(i.I2S_Cmd), (24 bytes).
    Removing stm32f4xx_spi.o(i.I2S_FullDuplexConfig), (80 bytes).
    Removing stm32f4xx_spi.o(i.I2S_Init), (408 bytes).
    Removing stm32f4xx_spi.o(i.I2S_StructInit), (20 bytes).
    Removing stm32f4xx_spi.o(i.SPI_BiDirectionalLineConfig), (28 bytes).
    Removing stm32f4xx_spi.o(i.SPI_CalculateCRC), (24 bytes).
    Removing stm32f4xx_spi.o(i.SPI_Cmd), (24 bytes).
    Removing stm32f4xx_spi.o(i.SPI_DataSizeConfig), (18 bytes).
    Removing stm32f4xx_spi.o(i.SPI_GetCRC), (16 bytes).
    Removing stm32f4xx_spi.o(i.SPI_GetCRCPolynomial), (6 bytes).
    Removing stm32f4xx_spi.o(i.SPI_I2S_ClearFlag), (6 bytes).
    Removing stm32f4xx_spi.o(i.SPI_I2S_ClearITPendingBit), (20 bytes).
    Removing stm32f4xx_spi.o(i.SPI_I2S_DMACmd), (18 bytes).
    Removing stm32f4xx_spi.o(i.SPI_I2S_DeInit), (176 bytes).
    Removing stm32f4xx_spi.o(i.SPI_I2S_GetFlagStatus), (18 bytes).
    Removing stm32f4xx_spi.o(i.SPI_I2S_GetITStatus), (52 bytes).
    Removing stm32f4xx_spi.o(i.SPI_I2S_ITConfig), (32 bytes).
    Removing stm32f4xx_spi.o(i.SPI_I2S_ReceiveData), (6 bytes).
    Removing stm32f4xx_spi.o(i.SPI_I2S_SendData), (4 bytes).
    Removing stm32f4xx_spi.o(i.SPI_Init), (60 bytes).
    Removing stm32f4xx_spi.o(i.SPI_NSSInternalSoftwareConfig), (30 bytes).
    Removing stm32f4xx_spi.o(i.SPI_SSOutputCmd), (24 bytes).
    Removing stm32f4xx_spi.o(i.SPI_StructInit), (24 bytes).
    Removing stm32f4xx_spi.o(i.SPI_TIModeCmd), (24 bytes).
    Removing stm32f4xx_spi.o(i.SPI_TransmitCRC), (10 bytes).
    Removing croutine.o(.rev16_text), (4 bytes).
    Removing croutine.o(.revsh_text), (4 bytes).
    Removing event_groups.o(.rev16_text), (4 bytes).
    Removing event_groups.o(.revsh_text), (4 bytes).
    Removing event_groups.o(i.prvTestWaitCondition), (30 bytes).
    Removing event_groups.o(i.uxEventGroupGetNumber), (14 bytes).
    Removing event_groups.o(i.vEventGroupClearBitsCallback), (16 bytes).
    Removing event_groups.o(i.vEventGroupDelete), (116 bytes).
    Removing event_groups.o(i.vEventGroupSetBitsCallback), (16 bytes).
    Removing event_groups.o(i.xEventGroupClearBits), (116 bytes).
    Removing event_groups.o(i.xEventGroupClearBitsFromISR), (28 bytes).
    Removing event_groups.o(i.xEventGroupCreate), (26 bytes).
    Removing event_groups.o(i.xEventGroupGetBitsFromISR), (44 bytes).
    Removing event_groups.o(i.xEventGroupSetBits), (232 bytes).
    Removing event_groups.o(i.xEventGroupSetBitsFromISR), (36 bytes).
    Removing event_groups.o(i.xEventGroupSync), (276 bytes).
    Removing event_groups.o(i.xEventGroupWaitBits), (344 bytes).
    Removing list.o(.rev16_text), (4 bytes).
    Removing list.o(.revsh_text), (4 bytes).
    Removing queue.o(.rev16_text), (4 bytes).
    Removing queue.o(.revsh_text), (4 bytes).
    Removing queue.o(i.pcQueueGetName), (44 bytes).
    Removing queue.o(i.prvInitialiseMutex), (28 bytes).
    Removing queue.o(i.ucQueueGetQueueType), (8 bytes).
    Removing queue.o(i.uxQueueGetQueueNumber), (6 bytes).
    Removing queue.o(i.uxQueueMessagesWaiting), (68 bytes).
    Removing queue.o(i.uxQueueMessagesWaitingFromISR), (60 bytes).
    Removing queue.o(i.uxQueueSpacesAvailable), (76 bytes).
    Removing queue.o(i.vQueueDelete), (72 bytes).
    Removing queue.o(i.vQueueSetQueueNumber), (4 bytes).
    Removing queue.o(i.vQueueUnregisterQueue), (48 bytes).
    Removing queue.o(i.xQueueAddToSet), (38 bytes).
    Removing queue.o(i.xQueueCreateCountingSemaphore), (108 bytes).
    Removing queue.o(i.xQueueCreateMutex), (34 bytes).
    Removing queue.o(i.xQueueCreateSet), (20 bytes).
    Removing queue.o(i.xQueueGiveMutexRecursive), (100 bytes).
    Removing queue.o(i.xQueueIsQueueEmptyFromISR), (68 bytes).
    Removing queue.o(i.xQueueIsQueueFullFromISR), (72 bytes).
    Removing queue.o(i.xQueuePeekFromISR), (184 bytes).
    Removing queue.o(i.xQueueReceiveFromISR), (220 bytes).
    Removing queue.o(i.xQueueRemoveFromSet), (48 bytes).
    Removing queue.o(i.xQueueSelectFromSet), (26 bytes).
    Removing queue.o(i.xQueueSelectFromSetFromISR), (22 bytes).
    Removing queue.o(i.xQueueTakeMutexRecursive), (108 bytes).
    Removing tasks.o(.rev16_text), (4 bytes).
    Removing tasks.o(.revsh_text), (4 bytes).
    Removing tasks.o(i.eTaskGetState), (160 bytes).
    Removing tasks.o(i.pcTaskGetName), (76 bytes).
    Removing tasks.o(i.prvListTasksWithinSingleList), (106 bytes).
    Removing tasks.o(i.prvTaskCheckFreeStackSpace), (22 bytes).
    Removing tasks.o(i.prvTaskIsTaskSuspended), (116 bytes).
    Removing tasks.o(i.prvWriteNameToBuffer), (42 bytes).
    Removing tasks.o(i.ulTaskNotifyTake), (116 bytes).
    Removing tasks.o(i.uxTaskGetNumberOfTasks), (12 bytes).
    Removing tasks.o(i.uxTaskGetSystemState), (176 bytes).
    Removing tasks.o(i.uxTaskGetTaskNumber), (14 bytes).
    Removing tasks.o(i.uxTaskPriorityGet), (36 bytes).
    Removing tasks.o(i.uxTaskPriorityGetFromISR), (68 bytes).
    Removing tasks.o(i.uxTaskResetEventItemValue), (28 bytes).
    Removing tasks.o(i.vTaskEndScheduler), (36 bytes).
    Removing tasks.o(i.vTaskGetInfo), (120 bytes).
    Removing tasks.o(i.vTaskList), (224 bytes).
    Removing tasks.o(i.vTaskNotifyGiveFromISR), (256 bytes).
    Removing tasks.o(i.vTaskPlaceOnUnorderedEventList), (124 bytes).
    Removing tasks.o(i.vTaskPrioritySet), (304 bytes).
    Removing tasks.o(i.vTaskResume), (172 bytes).
    Removing tasks.o(i.vTaskSetTaskNumber), (8 bytes).
    Removing tasks.o(i.vTaskSuspend), (256 bytes).
    Removing tasks.o(i.xTaskGenericNotify), (276 bytes).
    Removing tasks.o(i.xTaskGenericNotifyFromISR), (340 bytes).
    Removing tasks.o(i.xTaskGetCurrentTaskHandle), (12 bytes).
    Removing tasks.o(i.xTaskGetTickCountFromISR), (20 bytes).
    Removing tasks.o(i.xTaskNotifyStateClear), (52 bytes).
    Removing tasks.o(i.xTaskNotifyWait), (160 bytes).
    Removing tasks.o(i.xTaskRemoveFromUnorderedEventList), (192 bytes).
    Removing tasks.o(i.xTaskResumeFromISR), (204 bytes).
    Removing timers.o(.rev16_text), (4 bytes).
    Removing timers.o(.revsh_text), (4 bytes).
    Removing timers.o(i.pcTimerGetName), (64 bytes).
    Removing timers.o(i.prvInitialiseNewTimer), (108 bytes).
    Removing timers.o(i.pvTimerGetTimerID), (76 bytes).
    Removing timers.o(i.vTimerSetTimerID), (76 bytes).
    Removing timers.o(i.xTimerCreate), (48 bytes).
    Removing timers.o(i.xTimerGetExpiryTime), (68 bytes).
    Removing timers.o(i.xTimerGetPeriod), (64 bytes).
    Removing timers.o(i.xTimerGetTimerDaemonTaskHandle), (80 bytes).
    Removing timers.o(i.xTimerIsTimerActive), (88 bytes).
    Removing timers.o(i.xTimerPendFunctionCall), (112 bytes).
    Removing timers.o(i.xTimerPendFunctionCallFromISR), (52 bytes).
    Removing port.o(.rev16_text), (4 bytes).
    Removing port.o(.revsh_text), (4 bytes).
    Removing port.o(i.vPortEndScheduler), (100 bytes).
    Removing heap_4.o(.rev16_text), (4 bytes).
    Removing heap_4.o(.revsh_text), (4 bytes).
    Removing heap_4.o(i.vPortInitialiseBlocks), (2 bytes).
    Removing heap_4.o(i.xPortGetFreeHeapSize), (12 bytes).
    Removing heap_4.o(i.xPortGetMinimumEverFreeHeapSize), (12 bytes).
    Removing canfestival.o(.rev16_text), (4 bytes).
    Removing canfestival.o(.revsh_text), (4 bytes).
    Removing canfestival.o(i.canChangeBaudRate), (6 bytes).
    Removing dcf.o(i.CheckSDOAndContinue), (278 bytes).
    Removing dcf.o(i.Reset_Comunication), (26 bytes).
    Removing dcf.o(i.SaveNode), (60 bytes).
    Removing dcf.o(i.check_and_start_node), (86 bytes).
    Removing dcf.o(i.get_next_DCF_data), (156 bytes).
    Removing dcf.o(i.init_consise_dcf), (94 bytes).
    Removing dcf.o(i.read_consise_dcf_next_entry), (64 bytes).
    Removing dcf.o(i.start_and_seek_node), (64 bytes).
    Removing dcf.o(i.write_consise_dcf_next_entry), (76 bytes).
    Removing emcy.o(i.EMCY_errorRecovered), (154 bytes).
    Removing emcy.o(i.EMCY_setError), (296 bytes).
    Removing emcy.o(i.sendEMCY), (88 bytes).
    Removing lifegrd.o(i.getNodeState), (16 bytes).
    Removing nmtmaster.o(i.masterRequestNodeState), (50 bytes).
    Removing pdo.o(i.PDODisable), (48 bytes).
    Removing pdo.o(i.PDOEnable), (48 bytes).
    Removing pdo.o(i.sendPDOevent), (14 bytes).
    Removing pdo.o(i.sendPDOrequest), (98 bytes).
    Removing sdo.o(i.GetSDOClientFromNodeId), (84 bytes).
    Removing sdo.o(i._readNetworkDict), (316 bytes).
    Removing sdo.o(i._writeNetworkDict), (482 bytes).
    Removing sdo.o(i.closeSDOtransfer), (64 bytes).
    Removing sdo.o(i.getReadResultNetworkDict), (386 bytes).
    Removing sdo.o(i.getSDOlineToClose), (92 bytes).
    Removing sdo.o(i.getWriteResultNetworkDict), (144 bytes).
    Removing sdo.o(i.readNetworkDict), (42 bytes).
    Removing sdo.o(i.readNetworkDictCallback), (40 bytes).
    Removing sdo.o(i.readNetworkDictCallbackAI), (186 bytes).
    Removing sdo.o(i.resetClientSDOLineFromNodeId), (52 bytes).
    Removing sdo.o(i.writeNetworkDict), (54 bytes).
    Removing sdo.o(i.writeNetworkDictCallBack), (46 bytes).
    Removing sdo.o(i.writeNetworkDictCallBackAI), (194 bytes).
    Removing states.o(i.getState), (8 bytes).
    Removing cancan.o(.rev16_text), (4 bytes).
    Removing cancan.o(.revsh_text), (4 bytes).
    Removing cancan.o(i.CANOPEN_Reset_comunication), (16 bytes).
    Removing cantimer.o(.rev16_text), (4 bytes).
    Removing cantimer.o(.revsh_text), (4 bytes).
    Removing malloc_1.o(.rev16_text), (4 bytes).
    Removing malloc_1.o(.revsh_text), (4 bytes).
    Removing malloc_1.o(i.my_mem_free), (108 bytes).
    Removing malloc_1.o(i.my_mem_malloc), (168 bytes).
    Removing malloc_1.o(i.myfree), (36 bytes).
    Removing malloc_1.o(i.mymalloc), (40 bytes).
    Removing malloc_1.o(i.mymemcpy), (26 bytes).
    Removing malloc_1.o(i.myrealloc), (68 bytes).
    Removing etharp.o(.rev16_text), (4 bytes).
    Removing etharp.o(.revsh_text), (4 bytes).
    Removing etharp.o(i.etharp_arp_input), (416 bytes).
    Removing etharp.o(i.etharp_cleanup_netif), (56 bytes).
    Removing etharp.o(i.etharp_find_addr), (232 bytes).
    Removing etharp.o(i.etharp_find_entry), (724 bytes).
    Removing etharp.o(i.etharp_free_entry), (64 bytes).
    Removing etharp.o(i.etharp_output), (516 bytes).
    Removing etharp.o(i.etharp_output_to_arp_index), (276 bytes).
    Removing etharp.o(i.etharp_query), (608 bytes).
    Removing etharp.o(i.etharp_raw), (404 bytes).
    Removing etharp.o(i.etharp_request), (44 bytes).
    Removing etharp.o(i.etharp_send_ip), (172 bytes).
    Removing etharp.o(i.etharp_tmr), (140 bytes).
    Removing etharp.o(i.etharp_update_arp_entry), (332 bytes).
    Removing etharp.o(i.ethernet_input), (320 bytes).
    Removing etharp.o(.bss), (200 bytes).
    Removing etharp.o(.constdata), (12 bytes).
    Removing etharp.o(.conststring), (68 bytes).
    Removing etharp.o(.data), (1 bytes).
    Removing ethernetif.o(.rev16_text), (4 bytes).
    Removing ethernetif.o(.revsh_text), (4 bytes).
    Removing ethernetif.o(i.ethernetif_init), (164 bytes).
    Removing ethernetif.o(i.low_level_init), (164 bytes).
    Removing ethernetif.o(i.low_level_output), (62 bytes).
    Removing udp_demo.o(.rev16_text), (4 bytes).
    Removing udp_demo.o(.revsh_text), (4 bytes).
    Removing udp_demo.o(i.udp_demo_init), (64 bytes).
    Removing udp_demo.o(i.udp_thread_task), (460 bytes).
    Removing udp_demo.o(.data), (16 bytes).
    Removing lwip_comm.o(.rev16_text), (4 bytes).
    Removing lwip_comm.o(.revsh_text), (4 bytes).
    Removing lwip_comm.o(i.lwip_comm_default_ip_set), (96 bytes).
    Removing lwip_comm.o(i.lwip_comm_dhcp_creat), (52 bytes).
    Removing lwip_comm.o(i.lwip_comm_dhcp_delete), (28 bytes).
    Removing lwip_comm.o(i.lwip_comm_init), (148 bytes).
    Removing lwip_comm.o(i.lwip_comm_mem_free), (32 bytes).
    Removing lwip_comm.o(i.lwip_comm_mem_malloc), (76 bytes).
    Removing lwip_comm.o(i.lwip_dhcp_task), (1148 bytes).
    Removing lwip_comm.o(.data), (4 bytes).
    Removing def.o(.rev16_text), (4 bytes).
    Removing def.o(.revsh_text), (4 bytes).
    Removing def.o(i.lwip_htonl), (26 bytes).
    Removing def.o(i.lwip_htons), (12 bytes).
    Removing def.o(i.lwip_ntohl), (12 bytes).
    Removing def.o(i.lwip_ntohs), (12 bytes).
    Removing dhcp.o(.rev16_text), (4 bytes).
    Removing dhcp.o(.revsh_text), (4 bytes).
    Removing dhcp.o(i.dhcp_arp_reply), (160 bytes).
    Removing dhcp.o(i.dhcp_bind), (396 bytes).
    Removing dhcp.o(i.dhcp_check), (56 bytes).
    Removing dhcp.o(i.dhcp_cleanup), (140 bytes).
    Removing dhcp.o(i.dhcp_coarse_tmr), (68 bytes).
    Removing dhcp.o(i.dhcp_create_msg), (728 bytes).
    Removing dhcp.o(i.dhcp_decline), (132 bytes).
    Removing dhcp.o(i.dhcp_delete_msg), (300 bytes).
    Removing dhcp.o(i.dhcp_discover), (196 bytes).
    Removing dhcp.o(i.dhcp_fine_tmr), (68 bytes).
    Removing dhcp.o(i.dhcp_handle_ack), (120 bytes).
    Removing dhcp.o(i.dhcp_handle_nak), (56 bytes).
    Removing dhcp.o(i.dhcp_handle_offer), (44 bytes).
    Removing dhcp.o(i.dhcp_inform), (292 bytes).
    Removing dhcp.o(i.dhcp_network_changed), (80 bytes).
    Removing dhcp.o(i.dhcp_option), (152 bytes).
    Removing dhcp.o(i.dhcp_option_byte), (188 bytes).
    Removing dhcp.o(i.dhcp_option_long), (240 bytes).
    Removing dhcp.o(i.dhcp_option_short), (148 bytes).
    Removing dhcp.o(i.dhcp_option_trailer), (368 bytes).
    Removing dhcp.o(i.dhcp_parse_reply), (1286 bytes).
    Removing dhcp.o(i.dhcp_rebind), (136 bytes).
    Removing dhcp.o(i.dhcp_reboot), (168 bytes).
    Removing dhcp.o(i.dhcp_recv), (376 bytes).
    Removing dhcp.o(i.dhcp_release), (168 bytes).
    Removing dhcp.o(i.dhcp_renew), (134 bytes).
    Removing dhcp.o(i.dhcp_select), (244 bytes).
    Removing dhcp.o(i.dhcp_set_state), (16 bytes).
    Removing dhcp.o(i.dhcp_set_struct), (244 bytes).
    Removing dhcp.o(i.dhcp_start), (416 bytes).
    Removing dhcp.o(i.dhcp_stop), (228 bytes).
    Removing dhcp.o(i.dhcp_t1_timeout), (32 bytes).
    Removing dhcp.o(i.dhcp_t2_timeout), (32 bytes).
    Removing dhcp.o(i.dhcp_timeout), (164 bytes).
    Removing dhcp.o(.bss), (50 bytes).
    Removing dhcp.o(.conststring), (137 bytes).
    Removing dhcp.o(.data), (4 bytes).
    Removing dns.o(.rev16_text), (4 bytes).
    Removing dns.o(.revsh_text), (4 bytes).
    Removing init.o(.rev16_text), (4 bytes).
    Removing init.o(.revsh_text), (4 bytes).
    Removing init.o(i.lwip_init), (36 bytes).
    Removing lwip_sys.o(.rev16_text), (4 bytes).
    Removing lwip_sys.o(.revsh_text), (4 bytes).
    Removing mem.o(.rev16_text), (4 bytes).
    Removing mem.o(.revsh_text), (4 bytes).
    Removing mem.o(i.mem_calloc), (34 bytes).
    Removing mem.o(i.mem_init), (240 bytes).
    Removing mem.o(i.mem_trim), (488 bytes).
    Removing memp.o(.rev16_text), (4 bytes).
    Removing memp.o(.revsh_text), (4 bytes).
    Removing memp.o(i.memp_get_memorysize), (8 bytes).
    Removing memp.o(i.memp_init), (104 bytes).
    Removing memp.o(.constdata), (52 bytes).
    Removing memp.o(.data), (4 bytes).
    Removing netif.o(.rev16_text), (4 bytes).
    Removing netif.o(.revsh_text), (4 bytes).
    Removing netif.o(i.netif_add), (232 bytes).
    Removing netif.o(i.netif_find), (68 bytes).
    Removing netif.o(i.netif_init), (2 bytes).
    Removing netif.o(i.netif_remove), (100 bytes).
    Removing netif.o(i.netif_set_addr), (40 bytes).
    Removing netif.o(i.netif_set_default), (12 bytes).
    Removing netif.o(i.netif_set_down), (42 bytes).
    Removing netif.o(i.netif_set_gw), (12 bytes).
    Removing netif.o(i.netif_set_ipaddr), (120 bytes).
    Removing netif.o(i.netif_set_link_down), (24 bytes).
    Removing netif.o(i.netif_set_link_up), (66 bytes).
    Removing netif.o(i.netif_set_netmask), (12 bytes).
    Removing netif.o(i.netif_set_up), (54 bytes).
    Removing netif.o(.data), (9 bytes).
    Removing pbuf.o(.rev16_text), (4 bytes).
    Removing pbuf.o(.revsh_text), (4 bytes).
    Removing pbuf.o(i.pbuf_cat), (328 bytes).
    Removing pbuf.o(i.pbuf_chain), (22 bytes).
    Removing pbuf.o(i.pbuf_clen), (18 bytes).
    Removing pbuf.o(i.pbuf_coalesce), (180 bytes).
    Removing pbuf.o(i.pbuf_copy), (560 bytes).
    Removing pbuf.o(i.pbuf_copy_partial), (332 bytes).
    Removing pbuf.o(i.pbuf_dechain), (256 bytes).
    Removing pbuf.o(i.pbuf_get_at), (46 bytes).
    Removing pbuf.o(i.pbuf_header), (332 bytes).
    Removing pbuf.o(i.pbuf_memcmp), (96 bytes).
    Removing pbuf.o(i.pbuf_memfind), (76 bytes).
    Removing pbuf.o(i.pbuf_realloc), (452 bytes).
    Removing pbuf.o(i.pbuf_ref), (26 bytes).
    Removing pbuf.o(i.pbuf_strstr), (60 bytes).
    Removing pbuf.o(i.pbuf_take), (376 bytes).
    Removing raw.o(.rev16_text), (4 bytes).
    Removing raw.o(.revsh_text), (4 bytes).
    Removing raw.o(i.raw_bind), (16 bytes).
    Removing raw.o(i.raw_connect), (16 bytes).
    Removing raw.o(i.raw_input), (116 bytes).
    Removing raw.o(i.raw_new), (48 bytes).
    Removing raw.o(i.raw_recv), (6 bytes).
    Removing raw.o(i.raw_remove), (64 bytes).
    Removing raw.o(i.raw_send), (18 bytes).
    Removing raw.o(i.raw_sendto), (300 bytes).
    Removing raw.o(.data), (4 bytes).
    Removing stats.o(.rev16_text), (4 bytes).
    Removing stats.o(.revsh_text), (4 bytes).
    Removing tcp.o(.rev16_text), (4 bytes).
    Removing tcp.o(.revsh_text), (4 bytes).
    Removing tcp.o(i.tcp_abandon), (304 bytes).
    Removing tcp.o(i.tcp_abort), (14 bytes).
    Removing tcp.o(i.tcp_accept), (4 bytes).
    Removing tcp.o(i.tcp_accept_null), (8 bytes).
    Removing tcp.o(i.tcp_alloc), (196 bytes).
    Removing tcp.o(i.tcp_arg), (4 bytes).
    Removing tcp.o(i.tcp_bind), (292 bytes).
    Removing tcp.o(i.tcp_close), (28 bytes).
    Removing tcp.o(i.tcp_close_shutdown), (588 bytes).
    Removing tcp.o(i.tcp_connect), (488 bytes).
    Removing tcp.o(i.tcp_debug_state_str), (16 bytes).
    Removing tcp.o(i.tcp_eff_send_mss), (46 bytes).
    Removing tcp.o(i.tcp_err), (160 bytes).
    Removing tcp.o(i.tcp_fasttmr), (124 bytes).
    Removing tcp.o(i.tcp_init), (2 bytes).
    Removing tcp.o(i.tcp_kill_prio), (84 bytes).
    Removing tcp.o(i.tcp_kill_timewait), (60 bytes).
    Removing tcp.o(i.tcp_listen_with_backlog), (364 bytes).
    Removing tcp.o(i.tcp_new), (10 bytes).
    Removing tcp.o(i.tcp_new_port), (104 bytes).
    Removing tcp.o(i.tcp_next_iss), (28 bytes).
    Removing tcp.o(i.tcp_pcb_purge), (320 bytes).
    Removing tcp.o(i.tcp_pcb_remove), (320 bytes).
    Removing tcp.o(i.tcp_poll), (160 bytes).
    Removing tcp.o(i.tcp_process_refused_data), (140 bytes).
    Removing tcp.o(i.tcp_recv), (160 bytes).
    Removing tcp.o(i.tcp_recv_null), (46 bytes).
    Removing tcp.o(i.tcp_recved), (280 bytes).
    Removing tcp.o(i.tcp_seg_free), (26 bytes).
    Removing tcp.o(i.tcp_segs_free), (24 bytes).
    Removing tcp.o(i.tcp_sent), (160 bytes).
    Removing tcp.o(i.tcp_setprio), (4 bytes).
    Removing tcp.o(i.tcp_shutdown), (98 bytes).
    Removing tcp.o(i.tcp_slowtmr), (1460 bytes).
    Removing tcp.o(i.tcp_tmr), (36 bytes).
    Removing tcp.o(i.tcp_update_rcv_ann_wnd), (212 bytes).
    Removing tcp.o(.constdata), (80 bytes).
    Removing tcp.o(.conststring), (186 bytes).
    Removing tcp.o(.data), (36 bytes).
    Removing tcp_in.o(.rev16_text), (4 bytes).
    Removing tcp_in.o(.revsh_text), (4 bytes).
    Removing tcp_in.o(i.tcp_input), (1696 bytes).
    Removing tcp_in.o(i.tcp_listen_input), (324 bytes).
    Removing tcp_in.o(i.tcp_parseopt), (184 bytes).
    Removing tcp_in.o(i.tcp_process), (1652 bytes).
    Removing tcp_in.o(i.tcp_receive), (2276 bytes).
    Removing tcp_in.o(i.tcp_timewait_input), (172 bytes).
    Removing tcp_in.o(.bss), (16 bytes).
    Removing tcp_in.o(.data), (32 bytes).
    Removing tcp_out.o(.rev16_text), (4 bytes).
    Removing tcp_out.o(.revsh_text), (4 bytes).
    Removing tcp_out.o(i.tcp_create_segment), (172 bytes).
    Removing tcp_out.o(i.tcp_enqueue_flags), (652 bytes).
    Removing tcp_out.o(i.tcp_keepalive), (68 bytes).
    Removing tcp_out.o(i.tcp_output), (644 bytes).
    Removing tcp_out.o(i.tcp_output_alloc_header), (280 bytes).
    Removing tcp_out.o(i.tcp_output_segment), (208 bytes).
    Removing tcp_out.o(i.tcp_pbuf_prealloc), (248 bytes).
    Removing tcp_out.o(i.tcp_rexmit), (90 bytes).
    Removing tcp_out.o(i.tcp_rexmit_fast), (112 bytes).
    Removing tcp_out.o(i.tcp_rexmit_rto), (58 bytes).
    Removing tcp_out.o(i.tcp_rst), (280 bytes).
    Removing tcp_out.o(i.tcp_send_empty_ack), (78 bytes).
    Removing tcp_out.o(i.tcp_send_fin), (74 bytes).
    Removing tcp_out.o(i.tcp_write), (1596 bytes).
    Removing tcp_out.o(i.tcp_write_checks), (372 bytes).
    Removing tcp_out.o(i.tcp_zero_window_probe), (164 bytes).
    Removing tcp_out.o(.conststring), (85 bytes).
    Removing timers_1.o(.rev16_text), (4 bytes).
    Removing timers_1.o(.revsh_text), (4 bytes).
    Removing timers_1.o(i.arp_timer), (28 bytes).
    Removing timers_1.o(i.dhcp_timer_coarse), (28 bytes).
    Removing timers_1.o(i.dhcp_timer_fine), (28 bytes).
    Removing timers_1.o(i.ip_reass_timer), (28 bytes).
    Removing timers_1.o(i.sys_timeout), (328 bytes).
    Removing timers_1.o(i.sys_timeouts_init), (68 bytes).
    Removing timers_1.o(i.sys_timeouts_mbox_fetch), (136 bytes).
    Removing timers_1.o(i.sys_untimeout), (96 bytes).
    Removing timers_1.o(i.tcp_timer_needed), (56 bytes).
    Removing timers_1.o(i.tcpip_tcp_timer), (56 bytes).
    Removing timers_1.o(.data), (8 bytes).
    Removing udp.o(.rev16_text), (4 bytes).
    Removing udp.o(.revsh_text), (4 bytes).
    Removing udp.o(i.udp_bind), (244 bytes).
    Removing udp.o(i.udp_connect), (100 bytes).
    Removing udp.o(i.udp_disconnect), (16 bytes).
    Removing udp.o(i.udp_init), (2 bytes).
    Removing udp.o(i.udp_input), (624 bytes).
    Removing udp.o(i.udp_new), (28 bytes).
    Removing udp.o(i.udp_new_port), (88 bytes).
    Removing udp.o(i.udp_recv), (6 bytes).
    Removing udp.o(i.udp_remove), (64 bytes).
    Removing udp.o(i.udp_send), (20 bytes).
    Removing udp.o(i.udp_sendto), (46 bytes).
    Removing udp.o(i.udp_sendto_if), (428 bytes).
    Removing udp.o(.data), (8 bytes).
    Removing autoip.o(.rev16_text), (4 bytes).
    Removing autoip.o(.revsh_text), (4 bytes).
    Removing icmp.o(.rev16_text), (4 bytes).
    Removing icmp.o(.revsh_text), (4 bytes).
    Removing icmp.o(i.icmp_dest_unreach), (18 bytes).
    Removing icmp.o(i.icmp_input), (780 bytes).
    Removing icmp.o(i.icmp_send_response), (264 bytes).
    Removing icmp.o(i.icmp_time_exceeded), (18 bytes).
    Removing igmp.o(.rev16_text), (4 bytes).
    Removing igmp.o(.revsh_text), (4 bytes).
    Removing inet.o(.rev16_text), (4 bytes).
    Removing inet.o(.revsh_text), (4 bytes).
    Removing inet_chksum.o(.rev16_text), (4 bytes).
    Removing inet_chksum.o(.revsh_text), (4 bytes).
    Removing inet_chksum.o(i.inet_chksum), (20 bytes).
    Removing inet_chksum.o(i.inet_chksum_pbuf), (86 bytes).
    Removing inet_chksum.o(i.inet_chksum_pseudo), (162 bytes).
    Removing inet_chksum.o(i.inet_chksum_pseudo_partial), (316 bytes).
    Removing inet_chksum.o(i.lwip_standard_chksum), (94 bytes).
    Removing ip.o(.rev16_text), (4 bytes).
    Removing ip.o(.revsh_text), (4 bytes).
    Removing ip.o(i.ip_input), (448 bytes).
    Removing ip.o(i.ip_output), (176 bytes).
    Removing ip.o(i.ip_output_if), (388 bytes).
    Removing ip.o(i.ip_route), (84 bytes).
    Removing ip.o(.data), (18 bytes).
    Removing ip_addr.o(.rev16_text), (4 bytes).
    Removing ip_addr.o(.revsh_text), (4 bytes).
    Removing ip_addr.o(i.ip4_addr_isbroadcast), (78 bytes).
    Removing ip_addr.o(i.ip4_addr_netmask_valid), (56 bytes).
    Removing ip_addr.o(i.ipaddr_addr), (24 bytes).
    Removing ip_addr.o(i.ipaddr_aton), (464 bytes).
    Removing ip_addr.o(i.ipaddr_ntoa), (20 bytes).
    Removing ip_addr.o(i.ipaddr_ntoa_r), (168 bytes).
    Removing ip_addr.o(.bss), (16 bytes).
    Removing ip_addr.o(.constdata), (8 bytes).
    Removing ip_frag.o(.rev16_text), (4 bytes).
    Removing ip_frag.o(.revsh_text), (4 bytes).
    Removing ip_frag.o(i.ip_frag), (332 bytes).
    Removing ip_frag.o(i.ip_reass), (396 bytes).
    Removing ip_frag.o(i.ip_reass_chain_frag_into_datagram_and_validate), (784 bytes).
    Removing ip_frag.o(i.ip_reass_dequeue_datagram), (184 bytes).
    Removing ip_frag.o(i.ip_reass_enqueue_new_datagram), (84 bytes).
    Removing ip_frag.o(i.ip_reass_free_complete_datagram), (460 bytes).
    Removing ip_frag.o(i.ip_reass_remove_oldest_datagram), (124 bytes).
    Removing ip_frag.o(i.ip_reass_tmr), (52 bytes).
    Removing ip_frag.o(.bss), (1504 bytes).
    Removing ip_frag.o(.data), (6 bytes).
    Removing api_lib.o(.rev16_text), (4 bytes).
    Removing api_lib.o(.revsh_text), (4 bytes).
    Removing api_lib.o(i.netconn_accept), (448 bytes).
    Removing api_lib.o(i.netconn_bind), (216 bytes).
    Removing api_lib.o(i.netconn_close), (14 bytes).
    Removing api_lib.o(i.netconn_close_shutdown), (208 bytes).
    Removing api_lib.o(i.netconn_connect), (220 bytes).
    Removing api_lib.o(i.netconn_delete), (40 bytes).
    Removing api_lib.o(i.netconn_disconnect), (208 bytes).
    Removing api_lib.o(i.netconn_getaddr), (344 bytes).
    Removing api_lib.o(i.netconn_listen_with_backlog), (212 bytes).
    Removing api_lib.o(i.netconn_new_with_proto_and_callback), (408 bytes).
    Removing api_lib.o(i.netconn_recv), (448 bytes).
    Removing api_lib.o(i.netconn_recv_data), (552 bytes).
    Removing api_lib.o(i.netconn_recv_tcp_pbuf), (164 bytes).
    Removing api_lib.o(i.netconn_recved), (52 bytes).
    Removing api_lib.o(i.netconn_send), (208 bytes).
    Removing api_lib.o(i.netconn_sendto), (44 bytes).
    Removing api_lib.o(i.netconn_shutdown), (36 bytes).
    Removing api_lib.o(i.netconn_write_partly), (356 bytes).
    Removing api_msg.o(.rev16_text), (4 bytes).
    Removing api_msg.o(.revsh_text), (4 bytes).
    Removing api_msg.o(i.accept_function), (168 bytes).
    Removing api_msg.o(i.do_bind), (116 bytes).
    Removing api_msg.o(i.do_close), (320 bytes).
    Removing api_msg.o(i.do_close_internal), (692 bytes).
    Removing api_msg.o(i.do_connect), (340 bytes).
    Removing api_msg.o(i.do_connected), (384 bytes).
    Removing api_msg.o(i.do_delconn), (468 bytes).
    Removing api_msg.o(i.do_disconnect), (46 bytes).
    Removing api_msg.o(i.do_getaddr), (304 bytes).
    Removing api_msg.o(i.do_listen), (204 bytes).
    Removing api_msg.o(i.do_newconn), (32 bytes).
    Removing api_msg.o(i.do_recv), (268 bytes).
    Removing api_msg.o(i.do_send), (166 bytes).
    Removing api_msg.o(i.do_write), (292 bytes).
    Removing api_msg.o(i.do_writemore), (740 bytes).
    Removing api_msg.o(i.err_tcp), (412 bytes).
    Removing api_msg.o(i.netconn_alloc), (296 bytes).
    Removing api_msg.o(i.netconn_drain), (348 bytes).
    Removing api_msg.o(i.netconn_free), (380 bytes).
    Removing api_msg.o(i.pcb_new), (316 bytes).
    Removing api_msg.o(i.poll_tcp), (228 bytes).
    Removing api_msg.o(i.recv_raw), (156 bytes).
    Removing api_msg.o(i.recv_tcp), (392 bytes).
    Removing api_msg.o(i.recv_udp), (384 bytes).
    Removing api_msg.o(i.sent_tcp), (224 bytes).
    Removing api_msg.o(i.setup_tcp), (68 bytes).
    Removing err.o(.rev16_text), (4 bytes).
    Removing err.o(.revsh_text), (4 bytes).
    Removing netbuf.o(.rev16_text), (4 bytes).
    Removing netbuf.o(.revsh_text), (4 bytes).
    Removing netbuf.o(i.netbuf_alloc), (248 bytes).
    Removing netbuf.o(i.netbuf_chain), (216 bytes).
    Removing netbuf.o(i.netbuf_data), (292 bytes).
    Removing netbuf.o(i.netbuf_delete), (32 bytes).
    Removing netbuf.o(i.netbuf_first), (144 bytes).
    Removing netbuf.o(i.netbuf_free), (156 bytes).
    Removing netbuf.o(i.netbuf_new), (30 bytes).
    Removing netbuf.o(i.netbuf_next), (172 bytes).
    Removing netbuf.o(i.netbuf_ref), (196 bytes).
    Removing netdb.o(.rev16_text), (4 bytes).
    Removing netdb.o(.revsh_text), (4 bytes).
    Removing netifapi.o(.rev16_text), (4 bytes).
    Removing netifapi.o(.revsh_text), (4 bytes).
    Removing sockets.o(.rev16_text), (4 bytes).
    Removing sockets.o(.revsh_text), (4 bytes).
    Removing sockets.o(i.alloc_socket), (172 bytes).
    Removing sockets.o(i.event_callback), (484 bytes).
    Removing sockets.o(i.free_socket), (56 bytes).
    Removing sockets.o(i.get_socket), (40 bytes).
    Removing sockets.o(i.lwip_accept), (668 bytes).
    Removing sockets.o(i.lwip_bind), (280 bytes).
    Removing sockets.o(i.lwip_close), (196 bytes).
    Removing sockets.o(i.lwip_connect), (300 bytes).
    Removing sockets.o(i.lwip_fcntl), (122 bytes).
    Removing sockets.o(i.lwip_getaddrname), (118 bytes).
    Removing sockets.o(i.lwip_getpeername), (22 bytes).
    Removing sockets.o(i.lwip_getsockname), (22 bytes).
    Removing sockets.o(i.lwip_getsockopt), (400 bytes).
    Removing sockets.o(i.lwip_getsockopt_internal), (704 bytes).
    Removing sockets.o(i.lwip_ioctl), (112 bytes).
    Removing sockets.o(i.lwip_listen), (132 bytes).
    Removing sockets.o(i.lwip_read), (28 bytes).
    Removing sockets.o(i.lwip_recv), (34 bytes).
    Removing sockets.o(i.lwip_recvfrom), (740 bytes).
    Removing sockets.o(i.lwip_select), (1036 bytes).
    Removing sockets.o(i.lwip_selscan), (460 bytes).
    Removing sockets.o(i.lwip_send), (152 bytes).
    Removing sockets.o(i.lwip_sendto), (416 bytes).
    Removing sockets.o(i.lwip_setsockopt), (360 bytes).
    Removing sockets.o(i.lwip_setsockopt_internal), (700 bytes).
    Removing sockets.o(i.lwip_shutdown), (156 bytes).
    Removing sockets.o(i.lwip_socket), (148 bytes).
    Removing sockets.o(i.lwip_socket_init), (2 bytes).
    Removing sockets.o(i.lwip_write), (22 bytes).
    Removing sockets.o(i.tryget_socket), (48 bytes).
    Removing sockets.o(.bss), (384 bytes).
    Removing sockets.o(.constdata), (64 bytes).
    Removing sockets.o(.data), (8 bytes).
    Removing tcpip.o(.rev16_text), (4 bytes).
    Removing tcpip.o(.revsh_text), (4 bytes).
    Removing tcpip.o(i.mem_free_callback), (20 bytes).
    Removing tcpip.o(i.pbuf_free_callback), (20 bytes).
    Removing tcpip.o(i.pbuf_free_int), (14 bytes).
    Removing tcpip.o(i.tcpip_apimsg), (60 bytes).
    Removing tcpip.o(i.tcpip_callback_with_block), (96 bytes).
    Removing tcpip.o(i.tcpip_callbackmsg_delete), (14 bytes).
    Removing tcpip.o(i.tcpip_callbackmsg_new), (32 bytes).
    Removing tcpip.o(i.tcpip_init), (220 bytes).
    Removing tcpip.o(i.tcpip_input), (76 bytes).
    Removing tcpip.o(i.tcpip_thread), (328 bytes).
    Removing tcpip.o(i.tcpip_timeout), (68 bytes).
    Removing tcpip.o(i.tcpip_trycallback), (32 bytes).
    Removing tcpip.o(i.tcpip_untimeout), (60 bytes).
    Removing tcpip.o(.data), (12 bytes).
    Removing sys_arch.o(.rev16_text), (4 bytes).
    Removing sys_arch.o(.revsh_text), (4 bytes).
    Removing sys_arch.o(i.sys_arch_mbox_fetch), (208 bytes).
    Removing sys_arch.o(i.sys_arch_mbox_tryfetch), (18 bytes).
    Removing sys_arch.o(i.sys_init), (2 bytes).
    Removing sys_arch.o(i.sys_mbox_free), (16 bytes).
    Removing sys_arch.o(i.sys_mbox_new), (136 bytes).
    Removing sys_arch.o(i.sys_mbox_post), (36 bytes).
    Removing sys_arch.o(i.sys_mbox_set_invalid), (6 bytes).
    Removing sys_arch.o(i.sys_mbox_trypost), (104 bytes).
    Removing sys_arch.o(i.sys_mbox_valid), (14 bytes).
    Removing sys_arch.o(i.sys_msleep), (12 bytes).
    Removing sys_arch.o(i.sys_now), (28 bytes).
    Removing sys_arch.o(i.sys_sem_free), (16 bytes).
    Removing sys_arch.o(i.sys_sem_new), (140 bytes).
    Removing sys_arch.o(i.sys_sem_set_invalid), (6 bytes).
    Removing sys_arch.o(i.sys_sem_valid), (14 bytes).
    Removing sys_arch.o(i.sys_thread_new), (52 bytes).
    Removing sys_arch.o(.constdata), (4 bytes).
    Removing sys_arch.o(.data), (4 bytes).
    Removing agv_contr.o(.rev16_text), (4 bytes).
    Removing agv_contr.o(.revsh_text), (4 bytes).
    Removing agv_contr.o(i.AGVParamter_Init), (308 bytes).
    Removing agv_contr.o(i.Inside_Auto), (140 bytes).
    Removing agv_contr.o(i.JogMode_control), (252 bytes).
    Removing agv_contr.o(i.MapDownLoad_control), (288 bytes).
    Removing agv_contr.o(i.Outside_Auto), (820 bytes).
    Removing agv_contr.o(i.SON1234_Init), (64 bytes).
    Removing agv_contr.o(i.Sov_on_1234_Init), (84 bytes).
    Removing agv_contr.o(i.TeachMode_control), (380 bytes).
    Removing agv_contr.o(.bss), (88 bytes).
    Removing agv_contr.o(.data), (9 bytes).
    Removing branchpath.o(.rev16_text), (4 bytes).
    Removing branchpath.o(.revsh_text), (4 bytes).
    Removing branchpath.o(i.AGVOperat_Cmd), (88 bytes).
    Removing branchpath.o(i.AGVPathJump_Cmd), (16 bytes).
    Removing branchpath.o(i.AGVRestart_Director), (40 bytes).
    Removing branchpath.o(i.AGVSpd_IN_Cmd), (180 bytes).
    Removing branchpath.o(i.AGVStop_mode), (88 bytes).
    Removing branchpath.o(i.AGVTurnoff_Cmd), (92 bytes).
    Removing branchpath.o(i.BranchPath2_struct), (260 bytes).
    Removing branchpath.o(i.SignalBranchPath_Station), (216 bytes).
    Removing branchpath.o(i.StatnNum_Search), (204 bytes).
    Removing branchpath.o(.bss), (18 bytes).
    Removing branchpath.o(.data), (8 bytes).
    Removing east_nor.o(.rev16_text), (4 bytes).
    Removing east_nor.o(.revsh_text), (4 bytes).
    Removing east_nor.o(i.JY901_eastnor), (44 bytes).
    Removing east_nor.o(i.MapPot_Find), (48 bytes).
    Removing east_nor.o(i.OAOB_caculate), (432 bytes).
    Removing east_nor.o(i.Origin_O_parmt_Init), (268 bytes).
    Removing east_nor.o(i.Scan_nearpot), (344 bytes).
    Removing east_nor.o(i.Wakeup_position), (1388 bytes).
    Removing east_nor.o(i.abs_), (68 bytes).
    Removing east_nor.o(i.angle_deviat_judge), (340 bytes).
    Removing east_nor.o(i.course_weighting), (408 bytes).
    Removing east_nor.o(i.direct_judge), (408 bytes).
    Removing east_nor.o(i.four_quadrant), (1220 bytes).
    Removing east_nor.o(i.longtiLati_xy), (468 bytes).
    Removing east_nor.o(i.longti_lati_trans), (1216 bytes).
    Removing east_nor.o(i.veichel_contr), (220 bytes).
    Removing east_nor.o(.bss), (592 bytes).
    Removing east_nor.o(.data), (32 bytes).
    Removing magnetic.o(.rev16_text), (4 bytes).
    Removing magnetic.o(.revsh_text), (4 bytes).
    Removing magnetic.o(i.Ea_Ed_calcu), (728 bytes).
    Removing magnetic.o(i.deci_hex), (236 bytes).
    Removing magnetic.o(i.deci_hex_single), (36 bytes).
    Removing magnetic.o(i.mag_calcul), (504 bytes).
    Removing magnetic.o(i.magbetic_tran), (416 bytes).
    Removing magnetic.o(i.magnetic_recei), (76 bytes).
    Removing magnetic.o(.bss), (48 bytes).
    Removing map.o(.rev16_text), (4 bytes).
    Removing map.o(.revsh_text), (4 bytes).
    Removing gps.o(.rev16_text), (4 bytes).
    Removing gps.o(.revsh_text), (4 bytes).
    Removing gps.o(i.AGV_OutSideValue), (320 bytes).
    Removing gps.o(i.First_GPS_Msg), (208 bytes).
    Removing gps.o(i.GPS_Analysis), (16 bytes).
    Removing gps.o(i.Gps_Msg_Show), (652 bytes).
    Removing gps.o(i.NMEA_BDGSV_Analysis), (308 bytes).
    Removing gps.o(i.NMEA_Comma_Pos), (50 bytes).
    Removing gps.o(i.NMEA_GNGGA_Analysis), (156 bytes).
    Removing gps.o(i.NMEA_GNGSA_Analysis), (184 bytes).
    Removing gps.o(i.NMEA_GNRMC_Analysis), (548 bytes).
    Removing gps.o(i.NMEA_GNVTG_Analysis), (88 bytes).
    Removing gps.o(i.NMEA_GPGSV_Analysis), (300 bytes).
    Removing gps.o(i.NMEA_Pow), (22 bytes).
    Removing gps.o(i.NMEA_Str2num), (234 bytes).
    Removing gps.o(i.SkyTra_Cfg_Ack_Check), (108 bytes).
    Removing gps.o(i.SkyTra_Cfg_Prt), (96 bytes).
    Removing gps.o(i.SkyTra_Cfg_Rate), (64 bytes).
    Removing gps.o(i.SkyTra_Cfg_Tp), (132 bytes).
    Removing gps.o(i.SkyTra_Send_Date), (44 bytes).
    Removing gps.o(.bss), (144 bytes).
    Removing gps.o(.constdata), (36 bytes).
    Removing gps.o(.conststring), (21 bytes).
    Removing gps.o(.data), (24 bytes).
    Removing pid.o(.rev16_text), (4 bytes).
    Removing pid.o(.revsh_text), (4 bytes).
    Removing pid.o(i.EV_calcu), (40 bytes).
    Removing pid.o(i.PID_Calcul), (168 bytes).
    Removing pid.o(i.PID_Init), (26 bytes).
    Removing pid.o(i.PID_Paro_Init), (12 bytes).
    Removing pid.o(i.PID_RUN), (32 bytes).
    Removing pid.o(i.PID_Righ_Left), (100 bytes).
    Removing pid.o(.data), (20 bytes).
    Removing rfid.o(.rev16_text), (4 bytes).
    Removing rfid.o(.revsh_text), (4 bytes).
    Removing rfid.o(i.RFIDCRC16_check), (144 bytes).
    Removing rfid.o(i.RFID_exchange), (18 bytes).
    Removing rfid.o(i.RFID_format), (48 bytes).
    Removing rfid.o(i.RFID_receive), (56 bytes).
    Removing rfid.o(i.WireLessCRC16_check), (152 bytes).
    Removing rfid.o(.data), (11 bytes).
    Removing stationcardnum.o(.rev16_text), (4 bytes).
    Removing stationcardnum.o(.revsh_text), (4 bytes).
    Removing stationcardnum.o(i.Station_CardNum), (108 bytes).
    Removing stationcardnum.o(.data), (14 bytes).
    Removing stmflash.o(.rev16_text), (4 bytes).
    Removing stmflash.o(.revsh_text), (4 bytes).
    Removing stmflash.o(i.AGVPID_Change_FLASH), (624 bytes).
    Removing stmflash.o(i.AGVSPD_Change_FLASH), (136 bytes).
    Removing stmflash.o(i.AGV_ParameterRead), (216 bytes).
    Removing stmflash.o(i.AGV_ParameterWrite), (212 bytes).
    Removing stmflash.o(i.AllPg_Refresh), (1140 bytes).
    Removing stmflash.o(i.Buff2_Flash), (84 bytes).
    Removing stmflash.o(i.BuffParamt_Read), (260 bytes).
    Removing stmflash.o(i.BuffParamt_Write), (246 bytes).
    Removing stmflash.o(i.Dacai_Display), (84 bytes).
    Removing stmflash.o(i.Dacai_InOut), (348 bytes).
    Removing stmflash.o(i.FlashParamt_Read), (276 bytes).
    Removing stmflash.o(i.FlashParamt_Write), (262 bytes).
    Removing stmflash.o(i.Map_Save2FLASH), (116 bytes).
    Removing stmflash.o(i.Map_StorageCheck), (156 bytes).
    Removing stmflash.o(i.Parameter_2Buff), (60 bytes).
    Removing stmflash.o(i.Parameter_FromBuff), (60 bytes).
    Removing stmflash.o(i.Pg_ParameteRefresh), (2128 bytes).
    Removing stmflash.o(i.Pg_ParameterInput), (28 bytes).
    Removing stmflash.o(i.Pg_ParameterOutput), (44 bytes).
    Removing stmflash.o(i.STMFLASH_Clear), (416 bytes).
    Removing stmflash.o(i.STMFLASH_GetFlashSector), (160 bytes).
    Removing stmflash.o(i.STMFLASH_Write), (152 bytes).
    Removing stmflash.o(i.ScreenID_Judge), (164 bytes).
    Removing stmflash.o(.data), (48 bytes).
    Removing ultrasonic.o(.rev16_text), (4 bytes).
    Removing ultrasonic.o(.revsh_text), (4 bytes).
    Removing ultrasonic.o(i.Get_Distance), (152 bytes).
    Removing ultrasonic.o(i.Ultra_Init), (72 bytes).
    Removing ultrasonic.o(i.Ultra_Ranging), (144 bytes).
    Removing vehicle_key.o(.rev16_text), (4 bytes).
    Removing vehicle_key.o(.revsh_text), (4 bytes).
    Removing vehicle_key.o(i.KEYEXTIX_Init), (84 bytes).
    Removing vehicle_key.o(i.Vehkey_scan), (176 bytes).
    Removing cmd_queue.o(.rev16_text), (4 bytes).
    Removing cmd_queue.o(.revsh_text), (4 bytes).
    Removing cmd_queue.o(i.queue_find_cmd), (132 bytes).
    Removing cmd_queue.o(i.queue_pop), (48 bytes).
    Removing cmd_queue.o(i.queue_reset), (32 bytes).
    Removing cmd_queue.o(i.queue_size), (32 bytes).
    Removing cmd_queue.o(.data), (6 bytes).
    Removing hmi_cmd.o(.rev16_text), (4 bytes).
    Removing hmi_cmd.o(.revsh_text), (4 bytes).
    Removing hmi_cmd.o(i.NotifyButton), (600 bytes).
    Removing hmi_cmd.o(i.NotifyMenu), (2 bytes).
    Removing hmi_cmd.o(i.NotifyMeter), (2 bytes).
    Removing hmi_cmd.o(i.NotifyProgress), (2 bytes).
    Removing hmi_cmd.o(i.NotifyReadFlash), (2 bytes).
    Removing hmi_cmd.o(i.NotifyReadRTC), (8 bytes).
    Removing hmi_cmd.o(i.NotifyScreen), (6 bytes).
    Removing hmi_cmd.o(i.NotifySelector), (2 bytes).
    Removing hmi_cmd.o(i.NotifySlider), (2 bytes).
    Removing hmi_cmd.o(i.NotifyText), (84 bytes).
    Removing hmi_cmd.o(i.NotifyTimer), (2 bytes).
    Removing hmi_cmd.o(i.NotifyTouchXY), (2 bytes).
    Removing hmi_cmd.o(i.NotifyWriteFlash), (2 bytes).
    Removing hmi_cmd.o(i.ProcessMessage), (388 bytes).
    Removing hmi_cmd.o(i.SetTextValueFloat), (100 bytes).
    Removing hmi_cmd.o(i.SetTextValueInt16), (44 bytes).
    Removing hmi_cmd.o(i.SetTextValueInt32), (44 bytes).
    Removing hmi_cmd.o(i.SetTextValueu16), (44 bytes).
    Removing hmi_cmd.o(i.UpdateUI), (2 bytes).
    Removing hmi_cmd.o(.data), (25 bytes).
    Removing hmi_driver.o(.rev16_text), (4 bytes).
    Removing hmi_driver.o(.revsh_text), (4 bytes).
    Removing hmi_driver.o(i.AnimationPause), (74 bytes).
    Removing hmi_driver.o(i.AnimationPlayFrame), (82 bytes).
    Removing hmi_driver.o(i.AnimationPlayNext), (74 bytes).
    Removing hmi_driver.o(i.AnimationPlayPrev), (74 bytes).
    Removing hmi_driver.o(i.AnimationStart), (74 bytes).
    Removing hmi_driver.o(i.AnimationStop), (74 bytes).
    Removing hmi_driver.o(i.BatchBegin), (36 bytes).
    Removing hmi_driver.o(i.BatchEnd), (28 bytes).
    Removing hmi_driver.o(i.BatchSetButtonValue), (38 bytes).
    Removing hmi_driver.o(i.BatchSetFrame), (44 bytes).
    Removing hmi_driver.o(i.BatchSetMeterValue), (60 bytes).
    Removing hmi_driver.o(i.BatchSetProgressValue), (60 bytes).
    Removing hmi_driver.o(i.BatchSetSliderValue), (60 bytes).
    Removing hmi_driver.o(i.BatchSetText), (56 bytes).
    Removing hmi_driver.o(i.CalibrateTouchPane), (40 bytes).
    Removing hmi_driver.o(i.ClearLayer), (48 bytes).
    Removing hmi_driver.o(i.ColorPicker), (76 bytes).
    Removing hmi_driver.o(i.CopyLayer), (56 bytes).
    Removing hmi_driver.o(i.DelayMS), (24 bytes).
    Removing hmi_driver.o(i.DeleteAllDate), (74 bytes).
    Removing hmi_driver.o(i.DeleteRowDate), (88 bytes).
    Removing hmi_driver.o(i.DisArea_Image), (94 bytes).
    Removing hmi_driver.o(i.DisCursor), (100 bytes).
    Removing hmi_driver.o(i.DisCut_Image), (164 bytes).
    Removing hmi_driver.o(i.DisFlashImage), (106 bytes).
    Removing hmi_driver.o(i.DisFull_Image), (62 bytes).
    Removing hmi_driver.o(i.DisText), (98 bytes).
    Removing hmi_driver.o(i.DisplyLayer), (48 bytes).
    Removing hmi_driver.o(i.GUI_Arc), (120 bytes).
    Removing hmi_driver.o(i.GUI_AreaInycolor), (100 bytes).
    Removing hmi_driver.o(i.GUI_BcolorConDots), (58 bytes).
    Removing hmi_driver.o(i.GUI_BcolorConOffsetDots), (84 bytes).
    Removing hmi_driver.o(i.GUI_Circle), (82 bytes).
    Removing hmi_driver.o(i.GUI_CircleFill), (82 bytes).
    Removing hmi_driver.o(i.GUI_CleanScreen), (40 bytes).
    Removing hmi_driver.o(i.GUI_ConDots), (66 bytes).
    Removing hmi_driver.o(i.GUI_ConSpaceDots), (84 bytes).
    Removing hmi_driver.o(i.GUI_DeleteDot), (68 bytes).
    Removing hmi_driver.o(i.GUI_DispRTC), (118 bytes).
    Removing hmi_driver.o(i.GUI_Dot), (68 bytes).
    Removing hmi_driver.o(i.GUI_Ellipse), (100 bytes).
    Removing hmi_driver.o(i.GUI_EllipseFill), (100 bytes).
    Removing hmi_driver.o(i.GUI_FcolorConDots), (58 bytes).
    Removing hmi_driver.o(i.GUI_FcolorConOffsetDots), (84 bytes).
    Removing hmi_driver.o(i.GUI_Line), (100 bytes).
    Removing hmi_driver.o(i.GUI_Rectangle), (100 bytes).
    Removing hmi_driver.o(i.GUI_RectangleFill), (100 bytes).
    Removing hmi_driver.o(i.GetControlValue), (74 bytes).
    Removing hmi_driver.o(i.GetScreen), (46 bytes).
    Removing hmi_driver.o(i.GetStringLen), (18 bytes).
    Removing hmi_driver.o(i.GraphChannelAdd), (100 bytes).
    Removing hmi_driver.o(i.GraphChannelDataAdd), (110 bytes).
    Removing hmi_driver.o(i.GraphChannelDataClear), (82 bytes).
    Removing hmi_driver.o(i.GraphChannelDel), (82 bytes).
    Removing hmi_driver.o(i.GraphSetViewport), (144 bytes).
    Removing hmi_driver.o(i.LockDeviceConfig), (64 bytes).
    Removing hmi_driver.o(i.MultiIcon_Refresh), (232 bytes).
    Removing hmi_driver.o(i.OnePg_Refresh), (952 bytes).
    Removing hmi_driver.o(i.PauseTimer), (74 bytes).
    Removing hmi_driver.o(i.ReadUserFlash), (84 bytes).
    Removing hmi_driver.o(i.RemoveRowDate), (88 bytes).
    Removing hmi_driver.o(i.SeTimer), (104 bytes).
    Removing hmi_driver.o(i.SendNU16), (38 bytes).
    Removing hmi_driver.o(i.SendNU8), (26 bytes).
    Removing hmi_driver.o(i.SendStrings), (22 bytes).
    Removing hmi_driver.o(i.SetBackLight), (48 bytes).
    Removing hmi_driver.o(i.SetBcolor), (54 bytes).
    Removing hmi_driver.o(i.SetButtonValue), (82 bytes).
    Removing hmi_driver.o(i.SetBuzzer), (48 bytes).
    Removing hmi_driver.o(i.SetCommBps), (48 bytes).
    Removing hmi_driver.o(i.SetControlBackColor), (88 bytes).
    Removing hmi_driver.o(i.SetControlEnable), (82 bytes).
    Removing hmi_driver.o(i.SetControlFocus), (82 bytes).
    Removing hmi_driver.o(i.SetControlForeColor), (88 bytes).
    Removing hmi_driver.o(i.SetControlVisiable), (82 bytes).
    Removing hmi_driver.o(i.SetFcolor), (54 bytes).
    Removing hmi_driver.o(i.SetFilterColor), (68 bytes).
    Removing hmi_driver.o(i.SetFont_Region), (76 bytes).
    Removing hmi_driver.o(i.SetHandShake), (40 bytes).
    Removing hmi_driver.o(i.SetMeterValue), (104 bytes).
    Removing hmi_driver.o(i.SetPowerSaving), (76 bytes).
    Removing hmi_driver.o(i.SetProgressValue), (104 bytes).
    Removing hmi_driver.o(i.SetScreenUpdateEnable), (48 bytes).
    Removing hmi_driver.o(i.SetSelectorValue), (82 bytes).
    Removing hmi_driver.o(i.SetSliderValue), (104 bytes).
    Removing hmi_driver.o(i.SetTextSpace), (56 bytes).
    Removing hmi_driver.o(i.SetTextValue), (82 bytes).
    Removing hmi_driver.o(i.SetTouchPaneOption), (92 bytes).
    Removing hmi_driver.o(i.ShowKeyboard), (108 bytes).
    Removing hmi_driver.o(i.ShowPopupMenu), (100 bytes).
    Removing hmi_driver.o(i.StartTimer), (74 bytes).
    Removing hmi_driver.o(i.StopTimer), (74 bytes).
    Removing hmi_driver.o(i.TestTouchPane), (40 bytes).
    Removing hmi_driver.o(i.TriggerRowDate), (88 bytes).
    Removing hmi_driver.o(i.UnlockDeviceConfig), (64 bytes).
    Removing hmi_driver.o(i.WriteLayer), (48 bytes).
    Removing hmi_driver.o(i.WriteUserFlash), (82 bytes).
    Removing hmi_driver.o(.data), (5 bytes).
    Removing dneg.o(.text), (6 bytes).

1336 unused section(s) (total 143972 bytes) removed from the image.
